Archive member included to satisfy reference by file (symbol)

C:/Users/Aulo/.pico-sdk/toolchain/14_2_Rel1/bin/../lib/gcc/arm-none-eabi/14.2.1/thumb/v6-m/nofp\libgcc.a(_dvmd_tls.o)
                              CMakeFiles/Ohmimetro.dir/C_/Users/Aulo/.pico-sdk/sdk/2.1.1/src/rp2_common/pico_divider/divider_hardware.S.obj (__aeabi_idiv0)
C:/Users/Aulo/.pico-sdk/toolchain/14_2_Rel1/bin/../lib/gcc/arm-none-eabi/14.2.1/thumb/v6-m/nofp\libg.a(libc_a-calloc.o)
                              CMakeFiles/Ohmimetro.dir/C_/Users/Aulo/.pico-sdk/sdk/2.1.1/src/rp2_common/pico_malloc/malloc.c.obj (calloc)
C:/Users/Aulo/.pico-sdk/toolchain/14_2_Rel1/bin/../lib/gcc/arm-none-eabi/14.2.1/thumb/v6-m/nofp\libg.a(libc_a-callocr.o)
                              C:/Users/Aulo/.pico-sdk/toolchain/14_2_Rel1/bin/../lib/gcc/arm-none-eabi/14.2.1/thumb/v6-m/nofp\libg.a(libc_a-calloc.o) (_calloc_r)
C:/Users/Aulo/.pico-sdk/toolchain/14_2_Rel1/bin/../lib/gcc/arm-none-eabi/14.2.1/thumb/v6-m/nofp\libg.a(libc_a-malloc.o)
                              CMakeFiles/Ohmimetro.dir/C_/Users/Aulo/.pico-sdk/sdk/2.1.1/src/rp2_common/pico_malloc/malloc.c.obj (malloc)
C:/Users/Aulo/.pico-sdk/toolchain/14_2_Rel1/bin/../lib/gcc/arm-none-eabi/14.2.1/thumb/v6-m/nofp\libg.a(libc_a-mallocr.o)
                              C:/Users/Aulo/.pico-sdk/toolchain/14_2_Rel1/bin/../lib/gcc/arm-none-eabi/14.2.1/thumb/v6-m/nofp\libg.a(libc_a-callocr.o) (_malloc_r)
C:/Users/Aulo/.pico-sdk/toolchain/14_2_Rel1/bin/../lib/gcc/arm-none-eabi/14.2.1/thumb/v6-m/nofp\libg.a(libc_a-mlock.o)
                              C:/Users/Aulo/.pico-sdk/toolchain/14_2_Rel1/bin/../lib/gcc/arm-none-eabi/14.2.1/thumb/v6-m/nofp\libg.a(libc_a-mallocr.o) (__malloc_lock)
C:/Users/Aulo/.pico-sdk/toolchain/14_2_Rel1/bin/../lib/gcc/arm-none-eabi/14.2.1/thumb/v6-m/nofp\libg.a(libc_a-rand.o)
                              CMakeFiles/Ohmimetro.dir/lib/leds.c.obj (rand)
C:/Users/Aulo/.pico-sdk/toolchain/14_2_Rel1/bin/../lib/gcc/arm-none-eabi/14.2.1/thumb/v6-m/nofp\libg.a(libc_a-realloc.o)
                              CMakeFiles/Ohmimetro.dir/C_/Users/Aulo/.pico-sdk/sdk/2.1.1/src/rp2_common/pico_malloc/malloc.c.obj (realloc)
C:/Users/Aulo/.pico-sdk/toolchain/14_2_Rel1/bin/../lib/gcc/arm-none-eabi/14.2.1/thumb/v6-m/nofp\libg.a(libc_a-reallocr.o)
                              C:/Users/Aulo/.pico-sdk/toolchain/14_2_Rel1/bin/../lib/gcc/arm-none-eabi/14.2.1/thumb/v6-m/nofp\libg.a(libc_a-realloc.o) (_realloc_r)
C:/Users/Aulo/.pico-sdk/toolchain/14_2_Rel1/bin/../lib/gcc/arm-none-eabi/14.2.1/thumb/v6-m/nofp\libg.a(libc_a-ctype_.o)
                              CMakeFiles/Ohmimetro.dir/C_/Users/Aulo/.pico-sdk/sdk/2.1.1/lib/tinyusb/src/tusb.c.obj (_ctype_)
C:/Users/Aulo/.pico-sdk/toolchain/14_2_Rel1/bin/../lib/gcc/arm-none-eabi/14.2.1/thumb/v6-m/nofp\libg.a(libc_a-memcmp.o)
                              CMakeFiles/Ohmimetro.dir/C_/Users/Aulo/.pico-sdk/sdk/2.1.1/src/rp2_common/pico_atomic/atomic.c.obj (memcmp)
C:/Users/Aulo/.pico-sdk/toolchain/14_2_Rel1/bin/../lib/gcc/arm-none-eabi/14.2.1/thumb/v6-m/nofp\libg.a(libc_a-memmove.o)
                              C:/Users/Aulo/.pico-sdk/toolchain/14_2_Rel1/bin/../lib/gcc/arm-none-eabi/14.2.1/thumb/v6-m/nofp\libg.a(libc_a-reallocr.o) (memmove)
C:/Users/Aulo/.pico-sdk/toolchain/14_2_Rel1/bin/../lib/gcc/arm-none-eabi/14.2.1/thumb/v6-m/nofp\libg.a(libc_a-lcltime_r.o)
                              CMakeFiles/Ohmimetro.dir/C_/Users/Aulo/.pico-sdk/sdk/2.1.1/src/common/pico_util/datetime.c.obj (localtime_r)
C:/Users/Aulo/.pico-sdk/toolchain/14_2_Rel1/bin/../lib/gcc/arm-none-eabi/14.2.1/thumb/v6-m/nofp\libg.a(libc_a-mktime.o)
                              CMakeFiles/Ohmimetro.dir/C_/Users/Aulo/.pico-sdk/sdk/2.1.1/src/common/pico_util/datetime.c.obj (mktime)
C:/Users/Aulo/.pico-sdk/toolchain/14_2_Rel1/bin/../lib/gcc/arm-none-eabi/14.2.1/thumb/v6-m/nofp\libg.a(libc_a-month_lengths.o)
                              C:/Users/Aulo/.pico-sdk/toolchain/14_2_Rel1/bin/../lib/gcc/arm-none-eabi/14.2.1/thumb/v6-m/nofp\libg.a(libc_a-lcltime_r.o) (__month_lengths)
C:/Users/Aulo/.pico-sdk/toolchain/14_2_Rel1/bin/../lib/gcc/arm-none-eabi/14.2.1/thumb/v6-m/nofp\libg.a(libc_a-tzcalc_limits.o)
                              C:/Users/Aulo/.pico-sdk/toolchain/14_2_Rel1/bin/../lib/gcc/arm-none-eabi/14.2.1/thumb/v6-m/nofp\libg.a(libc_a-lcltime_r.o) (__tzcalc_limits)
C:/Users/Aulo/.pico-sdk/toolchain/14_2_Rel1/bin/../lib/gcc/arm-none-eabi/14.2.1/thumb/v6-m/nofp\libg.a(libc_a-tzlock.o)
                              C:/Users/Aulo/.pico-sdk/toolchain/14_2_Rel1/bin/../lib/gcc/arm-none-eabi/14.2.1/thumb/v6-m/nofp\libg.a(libc_a-lcltime_r.o) (__tz_lock)
C:/Users/Aulo/.pico-sdk/toolchain/14_2_Rel1/bin/../lib/gcc/arm-none-eabi/14.2.1/thumb/v6-m/nofp\libg.a(libc_a-tzset.o)
                              C:/Users/Aulo/.pico-sdk/toolchain/14_2_Rel1/bin/../lib/gcc/arm-none-eabi/14.2.1/thumb/v6-m/nofp\libg.a(libc_a-lcltime_r.o) (_tzset_unlocked)
[...]
Memory Configuration

Name             Origin             Length             Attributes
FLASH            0x10000000         0x00200000         xr
RAM              0x20000000         0x00040000         xrw
SCRATCH_X        0x20040000         0x00001000         xrw
SCRATCH_Y        0x20041000         0x00001000         xrw
*default*        0x00000000         0xffffffff

Linker script and memory map

LOAD C:/Users/Aulo/.pico-sdk/toolchain/14_2_Rel1/bin/../lib/gcc/arm-none-eabi/14.2.1/thumb/v6-m/nofp/crti.o
LOAD C:/Users/Aulo/.pico-sdk/toolchain/14_2_Rel1/bin/../lib/gcc/arm-none-eabi/14.2.1/thumb/v6-m/nofp/crtbegin.o
LOAD C:/Users/Aulo/.pico-sdk/toolchain/14_2_Rel1/bin/../lib/gcc/arm-none-eabi/14.2.1/thumb/v6-m/nofp/crt0.o

.flash_begin    0x10000000        0x0
                0x10000000                        __flash_binary_start = .

.boot2          0x10000000      0x100
                0x10000000                        __boot2_start__ = .
 *(.boot2)
 .boot2         0x10000000      0x100 pico-sdk/src/rp2040/boot_stage2/CMakeFiles/bs2_default_library.dir/./bs2_default_padded_checksummed.S.obj
                0x10000100                        __boot2_end__ = .
                0x00000001                        ASSERT (((__boot2_end__ - __boot2_start__) == 0x100), ERROR: Pico second stage bootloader must be 256 bytes in size)

.text           0x10000100     0x90fc
                0x10000100                        __logical_binary_start = .
 *(.vectors)
 .vectors       0x10000100       0xd4 CMakeFiles/Ohmimetro.dir/C_/Users/Aulo/.pico-sdk/sdk/2.1.1/src/rp2_common/pico_crt0/crt0.S.obj
                0x10000100                __VECTOR_TABLE
                0x10000100                __vectors
                0x100001c0                isr_invalid
                0x100001c0                __default_isrs_start
                0x100001c2                isr_nmi
                0x100001c4                isr_hardfault
                0x100001c6                isr_svcall
                0x100001c8                isr_pendsv
                0x100001ca                isr_systick
                0x100001cc                isr_irq23
                0x100001cc                isr_irq18
                0x100001cc                isr_irq11
                0x100001cc                isr_irq28
                0x100001cc                isr_irq19
                0x100001cc                isr_irq0
                0x100001cc                isr_irq6
                0x100001cc                isr_irq5
                0x100001cc                isr_irq12
                0x100001cc                isr_irq22
                0x100001cc                isr_irq31
                0x100001cc                isr_irq17
                0x100001cc                isr_irq27
                0x100001cc                isr_irq30
                0x100001cc                isr_irq2
                0x100001cc                isr_irq10
                0x100001cc                isr_irq8
                0x100001cc                isr_irq24
                0x100001cc                isr_irq1
                0x100001cc                isr_irq7
                0x100001cc                isr_irq21
                0x100001cc                isr_irq20
                0x100001cc                isr_irq15
                0x100001cc                isr_irq25
                0x100001cc                isr_irq13
                0x100001cc                __unhandled_user_irq
                0x100001cc                isr_irq4
                0x100001cc                isr_irq16
                0x100001cc                isr_irq29
                0x100001cc                isr_irq26
                0x100001cc                __default_isrs_end
                0x100001cc                isr_irq3
                0x100001cc                isr_irq14
                0x100001cc                isr_irq9
                0x100001d2                unhandled_user_irq_num_in_r0
 *(.binary_info_header)
 .binary_info_header
                0x100001d4       0x14 CMakeFiles/Ohmimetro.dir/C_/Users/Aulo/.pico-sdk/sdk/2.1.1/src/rp2_common/pico_crt0/crt0.S.obj
                0x100001e8                        __binary_info_header_end = .
 *(.embedded_block)
                0x100001e8                        __embedded_block_end = .
 *(.reset)
 .reset         0x100001e8       0x9c CMakeFiles/Ohmimetro.dir/C_/Users/Aulo/.pico-sdk/sdk/2.1.1/src/rp2_common/pico_crt0/crt0.S.obj
                0x100001e8                _entry_point
 *(.init)
 .init          0x10000284        0x4 C:/Users/Aulo/.pico-sdk/toolchain/14_2_Rel1/bin/../lib/gcc/arm-none-eabi/14.2.1/thumb/v6-m/nofp/crti.o
                0x10000284                _init
 *(EXCLUDE_FILE(*libm.a: *libc.a:*lib_a-mem*.o *libgcc.a:) .text*)
 .text.register_tm_clones
                0x10000288       0x28 C:/Users/Aulo/.pico-sdk/toolchain/14_2_Rel1/bin/../lib/gcc/arm-none-eabi/14.2.1/thumb/v6-m/nofp/crtbegin.o
 .text.frame_dummy
                0x100002b0       0x24 C:/Users/Aulo/.pico-sdk/toolchain/14_2_Rel1/bin/../lib/gcc/arm-none-eabi/14.2.1/thumb/v6-m/nofp/crtbegin.o
 .text.gpio_irq_handler
                0x100002d4       0x80 CMakeFiles/Ohmimetro.dir/Ohmimetro.c.obj
                0x100002d4                gpio_irq_handler
 .text.adc_gpio_init
                0x10000354       0x1e CMakeFiles/Ohmimetro.dir/Ohmimetro.c.obj
 *fill*         0x10000372        0x2 
 .text.init_i2c
                0x10000374       0x38 CMakeFiles/Ohmimetro.dir/Ohmimetro.c.obj
                0x10000374                init_i2c
 .text.init_display
                0x100003ac       0x40 CMakeFiles/Ohmimetro.dir/Ohmimetro.c.obj
                0x100003ac                init_display
 .text.init_adc
                0x100003ec        0xe CMakeFiles/Ohmimetro.dir/Ohmimetro.c.obj
                0x100003ec                init_adc
 .text.init_buttons
                0x100003fa       0x30 CMakeFiles/Ohmimetro.dir/Ohmimetro.c.obj
                0x100003fa                init_buttons
 *fill*         0x1000042a        0x2 
 .text.ler_adc_com_media
                0x1000042c       0x70 CMakeFiles/Ohmimetro.dir/Ohmimetro.c.obj
                0x1000042c                ler_adc_com_media
 .text.calcular_resistencia
                0x1000049c       0x2c CMakeFiles/Ohmimetro.dir/Ohmimetro.c.obj
                0x1000049c                calcular_resistencia
 .text.detectar_valor_resistor
                0x100004c8      0x1ac CMakeFiles/Ohmimetro.dir/Ohmimetro.c.obj
                0x100004c8                detectar_valor_resistor
 .text.replace_char
                0x10000674       0x14 CMakeFiles/Ohmimetro.dir/Ohmimetro.c.obj
                0x10000674                replace_char
 .text.exibir_resistor_no_display
                0x10000688      0x1ec CMakeFiles/Ohmimetro.dir/Ohmimetro.c.obj
                0x10000688                exibir_resistor_no_display
 .text.main     0x10000874       0x94 CMakeFiles/Ohmimetro.dir/Ohmimetro.c.obj
                0x10000874                main
 .text.ssd1306_init
                0x10000908       0x2e CMakeFiles/Ohmimetro.dir/lib/ssd1306.c.obj
                0x10000908                ssd1306_init
 .text.ssd1306_command
                0x10000936       0x1c CMakeFiles/Ohmimetro.dir/lib/ssd1306.c.obj
                0x10000936                ssd1306_command
 .text.ssd1306_config
                0x10000952       0xcc CMakeFiles/Ohmimetro.dir/lib/ssd1306.c.obj
                0x10000952                ssd1306_config
 .text.ssd1306_send_data
                0x10000a1e       0x50 CMakeFiles/Ohmimetro.dir/lib/ssd1306.c.obj
                0x10000a1e                ssd1306_send_data
 .text.ssd1306_pixel
                0x10000a6e       0x32 CMakeFiles/Ohmimetro.dir/lib/ssd1306.c.obj
                0x10000a6e                ssd1306_pixel
 .text.ssd1306_fill
                0x10000aa0       0x30 CMakeFiles/Ohmimetro.dir/lib/ssd1306.c.obj
                0x10000aa0                ssd1306_fill
 .text.ssd1306_draw_char
                0x10000ad0       0xd4 CMakeFiles/Ohmimetro.dir/lib/ssd1306.c.obj
                0x10000ad0                ssd1306_draw_char
 .text.ssd1306_draw_string
                0x10000ba4       0x40 CMakeFiles/Ohmimetro.dir/lib/ssd1306.c.obj
                0x10000ba4                ssd1306_draw_string
 .text.sm_config_set_clkdiv
                0x10000be4       0x44 CMakeFiles/Ohmimetro.dir/lib/matrizRGB.c.obj
 .text.pio_get_default_sm_config
                0x10000c28       0x28 CMakeFiles/Ohmimetro.dir/lib/matrizRGB.c.obj
 .text.ws2818b_program_get_default_config
                0x10000c50       0x3c CMakeFiles/Ohmimetro.dir/lib/matrizRGB.c.obj
 .text.ws2818b_program_init
                0x10000c8c       0xc8 CMakeFiles/Ohmimetro.dir/lib/matrizRGB.c.obj
                0x10000c8c                ws2818b_program_init
 .text.npWrite  0x10000d54       0x6c CMakeFiles/Ohmimetro.dir/lib/matrizRGB.c.obj
                0x10000d54                npWrite
 .text.npClear  0x10000dc0       0x28 CMakeFiles/Ohmimetro.dir/lib/matrizRGB.c.obj
                0x10000dc0                npClear
 .text.npInit   0x10000de8       0x50 CMakeFiles/Ohmimetro.dir/lib/matrizRGB.c.obj
                0x10000de8                npInit
 .text.getIndex
                0x10000e38       0x20 CMakeFiles/Ohmimetro.dir/lib/matrizRGB.c.obj
                0x10000e38                getIndex
 .text.npIsPositionValid
                0x10000e58       0x1c CMakeFiles/Ohmimetro.dir/lib/matrizRGB.c.obj
                0x10000e58                npIsPositionValid
 .text.npSetLED
                0x10000e74       0x38 CMakeFiles/Ohmimetro.dir/lib/matrizRGB.c.obj
                0x10000e74                npSetLED
 .text.npSetRow
                0x10000eac       0x2a CMakeFiles/Ohmimetro.dir/lib/matrizRGB.c.obj
                0x10000eac                npSetRow
 .text.npSetRowIntensity
                0x10000ed6       0x4e CMakeFiles/Ohmimetro.dir/lib/matrizRGB.c.obj
                0x10000ed6                npSetRowIntensity
 .text.gpio_set_function
                0x10000f24       0x34 CMakeFiles/Ohmimetro.dir/C_/Users/Aulo/.pico-sdk/sdk/2.1.1/src/rp2_common/hardware_gpio/gpio.c.obj
                0x10000f24                gpio_set_function
 .text.gpio_set_pulls
                0x10000f58       0x38 CMakeFiles/Ohmimetro.dir/C_/Users/Aulo/.pico-sdk/sdk/2.1.1/src/rp2_common/hardware_gpio/gpio.c.obj
                0x10000f58                gpio_set_pulls
 .text.gpio_set_irq_callback
                0x10000f90       0x48 CMakeFiles/Ohmimetro.dir/C_/Users/Aulo/.pico-sdk/sdk/2.1.1/src/rp2_common/hardware_gpio/gpio.c.obj
                0x10000f90                gpio_set_irq_callback
 .text.gpio_acknowledge_irq
                0x10000fd8       0x18 CMakeFiles/Ohmimetro.dir/C_/Users/Aulo/.pico-sdk/sdk/2.1.1/src/rp2_common/hardware_gpio/gpio.c.obj
                0x10000fd8                gpio_acknowledge_irq
 .text._gpio_set_irq_enabled
                0x10000ff0       0x38 CMakeFiles/Ohmimetro.dir/C_/Users/Aulo/.pico-sdk/sdk/2.1.1/src/rp2_common/hardware_gpio/gpio.c.obj
 .text.gpio_set_irq_enabled
                0x10001028       0x50 CMakeFiles/Ohmimetro.dir/C_/Users/Aulo/.pico-sdk/sdk/2.1.1/src/rp2_common/hardware_gpio/gpio.c.obj
                0x10001028                gpio_set_irq_enabled
 .text.gpio_set_irq_enabled_with_callback
                0x10001078       0x28 CMakeFiles/Ohmimetro.dir/C_/Users/Aulo/.pico-sdk/sdk/2.1.1/src/rp2_common/hardware_gpio/gpio.c.obj
                0x10001078                gpio_set_irq_enabled_with_callback
 .text.gpio_default_irq_handler
                0x100010a0       0xa0 CMakeFiles/Ohmimetro.dir/C_/Users/Aulo/.pico-sdk/sdk/2.1.1/src/rp2_common/hardware_gpio/gpio.c.obj
 .text.gpio_set_input_enabled
                0x10001140       0x28 CMakeFiles/Ohmimetro.dir/C_/Users/Aulo/.pico-sdk/sdk/2.1.1/src/rp2_common/hardware_gpio/gpio.c.obj
                0x10001140                gpio_set_input_enabled
 .text.gpio_init
                0x10001168       0x16 CMakeFiles/Ohmimetro.dir/C_/Users/Aulo/.pico-sdk/sdk/2.1.1/src/rp2_common/hardware_gpio/gpio.c.obj
                0x10001168                gpio_init
 *fill*         0x1000117e        0x2 
 .text.rp2040_chip_version
                0x10001180       0x54 CMakeFiles/Ohmimetro.dir/C_/Users/Aulo/.pico-sdk/sdk/2.1.1/src/rp2040/pico_platform/platform.c.obj
                0x10001180                rp2040_chip_version
 .text.panic    0x100011d4       0x30 CMakeFiles/Ohmimetro.dir/C_/Users/Aulo/.pico-sdk/sdk/2.1.1/src/rp2_common/pico_platform_panic/panic.c.obj
                0x100011d4                panic
 .text.hw_claim_lock
                0x10001204       0x18 CMakeFiles/Ohmimetro.dir/C_/Users/Aulo/.pico-sdk/sdk/2.1.1/src/common/hardware_claim/claim.c.obj
                0x10001204                hw_claim_lock
 .text.hw_claim_unlock
                0x1000121c       0x14 CMakeFiles/Ohmimetro.dir/C_/Users/Aulo/.pico-sdk/sdk/2.1.1/src/common/hardware_claim/claim.c.obj
                0x1000121c                hw_claim_unlock
 .text.hw_claim_or_assert
                0x10001230       0x32 CMakeFiles/Ohmimetro.dir/C_/Users/Aulo/.pico-sdk/sdk/2.1.1/src/common/hardware_claim/claim.c.obj
                0x10001230                hw_claim_or_assert
 .text.hw_claim_unused_from_range
                0x10001262       0x50 CMakeFiles/Ohmimetro.dir/C_/Users/Aulo/.pico-sdk/sdk/2.1.1/src/common/hardware_claim/claim.c.obj
                0x10001262                hw_claim_unused_from_range
 *fill*         0x100012b2        0x2 
 .text.next_striped_spin_lock_num
                0x100012b4       0x1c CMakeFiles/Ohmimetro.dir/C_/Users/Aulo/.pico-sdk/sdk/2.1.1/src/rp2_common/hardware_sync/sync.c.obj
                0x100012b4                next_striped_spin_lock_num
 .text.spin_lock_claim_unused
                0x100012d0       0x24 CMakeFiles/Ohmimetro.dir/C_/Users/Aulo/.pico-sdk/sdk/2.1.1/src/rp2_common/hardware_sync/sync.c.obj
                0x100012d0                spin_lock_claim_unused
 .text.spin_locks_reset
                0x100012f4       0x20 CMakeFiles/Ohmimetro.dir/C_/Users/Aulo/.pico-sdk/sdk/2.1.1/src/rp2_common/hardware_sync_spin_lock/sync_spin_lock.c.obj
                0x100012f4                spin_locks_reset
 .text.set_raw_irq_handler_and_unlock
                0x10001314       0x28 CMakeFiles/Ohmimetro.dir/C_/Users/Aulo/.pico-sdk/sdk/2.1.1/src/rp2_common/hardware_irq/irq.c.obj
 .text.nvic_ipr0
                0x1000133c        0x8 CMakeFiles/Ohmimetro.dir/C_/Users/Aulo/.pico-sdk/sdk/2.1.1/src/rp2_common/hardware_irq/irq.c.obj
 .text.runtime_init_per_core_irq_priorities
                0x10001344       0x1c CMakeFiles/Ohmimetro.dir/C_/Users/Aulo/.pico-sdk/sdk/2.1.1/src/rp2_common/hardware_irq/irq.c.obj
                0x10001344                runtime_init_per_core_irq_priorities
 .text.resolve_j_16
                0x10001360       0x30 CMakeFiles/Ohmimetro.dir/C_/Users/Aulo/.pico-sdk/sdk/2.1.1/src/rp2_common/hardware_irq/irq.c.obj
 .text.make_j_16
                0x10001390       0x48 CMakeFiles/Ohmimetro.dir/C_/Users/Aulo/.pico-sdk/sdk/2.1.1/src/rp2_common/hardware_irq/irq.c.obj
 .text.insert_bl_32
                0x100013d8       0x40 CMakeFiles/Ohmimetro.dir/C_/Users/Aulo/.pico-sdk/sdk/2.1.1/src/rp2_common/hardware_irq/irq.c.obj
 .text.irq_is_enabled
                0x10001418       0x18 CMakeFiles/Ohmimetro.dir/C_/Users/Aulo/.pico-sdk/sdk/2.1.1/src/rp2_common/hardware_irq/irq.c.obj
                0x10001418                irq_is_enabled
 .text.irq_set_mask_n_enabled
                0x10001430       0x1c CMakeFiles/Ohmimetro.dir/C_/Users/Aulo/.pico-sdk/sdk/2.1.1/src/rp2_common/hardware_irq/irq.c.obj
                0x10001430                irq_set_mask_n_enabled
 .text.irq_set_enabled
                0x1000144c       0x14 CMakeFiles/Ohmimetro.dir/C_/Users/Aulo/.pico-sdk/sdk/2.1.1/src/rp2_common/hardware_irq/irq.c.obj
                0x1000144c                irq_set_enabled
 .text.irq_set_pending
                0x10001460       0x10 CMakeFiles/Ohmimetro.dir/C_/Users/Aulo/.pico-sdk/sdk/2.1.1/src/rp2_common/hardware_irq/irq.c.obj
                0x10001460                irq_set_pending
 .text.irq_get_vtable_handler
                0x10001470       0x10 CMakeFiles/Ohmimetro.dir/C_/Users/Aulo/.pico-sdk/sdk/2.1.1/src/rp2_common/hardware_irq/irq.c.obj
                0x10001470                irq_get_vtable_handler
 .text.irq_has_handler
                0x10001480       0x20 CMakeFiles/Ohmimetro.dir/C_/Users/Aulo/.pico-sdk/sdk/2.1.1/src/rp2_common/hardware_irq/irq.c.obj
                0x10001480                irq_has_handler
 .text.irq_has_shared_handler
                0x100014a0       0x1c CMakeFiles/Ohmimetro.dir/C_/Users/Aulo/.pico-sdk/sdk/2.1.1/src/rp2_common/hardware_irq/irq.c.obj
                0x100014a0                irq_has_shared_handler
 .text.irq_set_exclusive_handler
                0x100014bc       0x54 CMakeFiles/Ohmimetro.dir/C_/Users/Aulo/.pico-sdk/sdk/2.1.1/src/rp2_common/hardware_irq/irq.c.obj
                0x100014bc                irq_set_exclusive_handler
 .text.irq_add_shared_handler
                0x10001510      0x218 CMakeFiles/Ohmimetro.dir/C_/Users/Aulo/.pico-sdk/sdk/2.1.1/src/rp2_common/hardware_irq/irq.c.obj
                0x10001510                irq_add_shared_handler
 .text.irq_remove_handler
                0x10001728      0x18c CMakeFiles/Ohmimetro.dir/C_/Users/Aulo/.pico-sdk/sdk/2.1.1/src/rp2_common/hardware_irq/irq.c.obj
                0x10001728                irq_remove_handler
 .text.irq_add_tail_to_free_list
                0x100018b4       0xf0 CMakeFiles/Ohmimetro.dir/C_/Users/Aulo/.pico-sdk/sdk/2.1.1/src/rp2_common/hardware_irq/irq.c.obj
                0x100018b4                irq_add_tail_to_free_list
 .text.user_irq_claim_unused
                0x100019a4       0x2c CMakeFiles/Ohmimetro.dir/C_/Users/Aulo/.pico-sdk/sdk/2.1.1/src/rp2_common/hardware_irq/irq.c.obj
                0x100019a4                user_irq_claim_unused
 .text.lock_init
                0x100019d0       0x10 CMakeFiles/Ohmimetro.dir/C_/Users/Aulo/.pico-sdk/sdk/2.1.1/src/common/pico_sync/lock_core.c.obj
                0x100019d0                lock_init
 .text.mutex_init
                0x100019e0       0x1a CMakeFiles/Ohmimetro.dir/C_/Users/Aulo/.pico-sdk/sdk/2.1.1/src/common/pico_sync/mutex.c.obj
                0x100019e0                mutex_init
 .text.recursive_mutex_init
                0x100019fa       0x1e CMakeFiles/Ohmimetro.dir/C_/Users/Aulo/.pico-sdk/sdk/2.1.1/src/common/pico_sync/mutex.c.obj
                0x100019fa                recursive_mutex_init
 .text.runtime_init_mutex
                0x10001a18       0x4c CMakeFiles/Ohmimetro.dir/C_/Users/Aulo/.pico-sdk/sdk/2.1.1/src/common/pico_sync/mutex.c.obj
                0x10001a18                runtime_init_mutex
 .text.critical_section_init_with_lock_num
                0x10001a64       0x14 CMakeFiles/Ohmimetro.dir/C_/Users/Aulo/.pico-sdk/sdk/2.1.1/src/common/pico_sync/critical_section.c.obj
                0x10001a64                critical_section_init_with_lock_num
 .text.critical_section_init
                0x10001a78       0x14 CMakeFiles/Ohmimetro.dir/C_/Users/Aulo/.pico-sdk/sdk/2.1.1/src/common/pico_sync/critical_section.c.obj
                0x10001a78                critical_section_init
 .text.ta_set_timeout
                0x10001a8c       0x24 CMakeFiles/Ohmimetro.dir/C_/Users/Aulo/.pico-sdk/sdk/2.1.1/src/common/pico_time/time.c.obj
 .text.make_alarm_id
                0x10001ab0        0x6 CMakeFiles/Ohmimetro.dir/C_/Users/Aulo/.pico-sdk/sdk/2.1.1/src/common/pico_time/time.c.obj
 *fill*         0x10001ab6        0x2 
 .text.sleep_until_callback
                0x10001ab8       0x30 CMakeFiles/Ohmimetro.dir/C_/Users/Aulo/.pico-sdk/sdk/2.1.1/src/common/pico_time/time.c.obj
 .text.alarm_pool_irq_handler
                0x10001ae8      0x2f0 CMakeFiles/Ohmimetro.dir/C_/Users/Aulo/.pico-sdk/sdk/2.1.1/src/common/pico_time/time.c.obj
 .text.ta_enable_irq_handler
                0x10001dd8       0x2c CMakeFiles/Ohmimetro.dir/C_/Users/Aulo/.pico-sdk/sdk/2.1.1/src/common/pico_time/time.c.obj
 .text.alarm_pool_post_alloc_init
                0x10001e04       0x78 CMakeFiles/Ohmimetro.dir/C_/Users/Aulo/.pico-sdk/sdk/2.1.1/src/common/pico_time/time.c.obj
 .text.alarm_pool_get_default
                0x10001e7c       0x2c CMakeFiles/Ohmimetro.dir/C_/Users/Aulo/.pico-sdk/sdk/2.1.1/src/common/pico_time/time.c.obj
                0x10001e7c                alarm_pool_get_default
 .text.alarm_pool_add_alarm_at_force_in_context
                0x10001ea8       0xa4 CMakeFiles/Ohmimetro.dir/C_/Users/Aulo/.pico-sdk/sdk/2.1.1/src/common/pico_time/time.c.obj
                0x10001ea8                alarm_pool_add_alarm_at_force_in_context
 .text.alarm_pool_add_alarm_at
                0x10001f4c       0x3c CMakeFiles/Ohmimetro.dir/C_/Users/Aulo/.pico-sdk/sdk/2.1.1/src/common/pico_time/time.c.obj
                0x10001f4c                alarm_pool_add_alarm_at
 .text.add_alarm_at
                0x10001f88       0x2e CMakeFiles/Ohmimetro.dir/C_/Users/Aulo/.pico-sdk/sdk/2.1.1/src/common/pico_time/time.c.obj
 *fill*         0x10001fb6        0x2 
 .text.alarm_pool_cancel_alarm
                0x10001fb8       0x78 CMakeFiles/Ohmimetro.dir/C_/Users/Aulo/.pico-sdk/sdk/2.1.1/src/common/pico_time/time.c.obj
                0x10001fb8                alarm_pool_cancel_alarm
 .text.cancel_alarm
                0x10002030       0x10 CMakeFiles/Ohmimetro.dir/C_/Users/Aulo/.pico-sdk/sdk/2.1.1/src/common/pico_time/time.c.obj
 .text.alarm_pool_core_num
                0x10002040        0x4 CMakeFiles/Ohmimetro.dir/C_/Users/Aulo/.pico-sdk/sdk/2.1.1/src/common/pico_time/time.c.obj
                0x10002040                alarm_pool_core_num
 .text.sleep_until
                0x10002044       0xb0 CMakeFiles/Ohmimetro.dir/C_/Users/Aulo/.pico-sdk/sdk/2.1.1/src/common/pico_time/time.c.obj
                0x10002044                sleep_until
 .text.sleep_us
                0x100020f4       0x24 CMakeFiles/Ohmimetro.dir/C_/Users/Aulo/.pico-sdk/sdk/2.1.1/src/common/pico_time/time.c.obj
                0x100020f4                sleep_us
 .text.best_effort_wfe_or_timeout
                0x10002118      0x11c CMakeFiles/Ohmimetro.dir/C_/Users/Aulo/.pico-sdk/sdk/2.1.1/src/common/pico_time/time.c.obj
                0x10002118                best_effort_wfe_or_timeout
 .text.alarm_pool_get_default_timer
                0x10002234        0x8 CMakeFiles/Ohmimetro.dir/C_/Users/Aulo/.pico-sdk/sdk/2.1.1/src/common/pico_time/time.c.obj
                0x10002234                alarm_pool_get_default_timer
 .text.runtime_init_default_alarm_pool
                0x1000223c       0x38 CMakeFiles/Ohmimetro.dir/C_/Users/Aulo/.pico-sdk/sdk/2.1.1/src/common/pico_time/time.c.obj
                0x1000223c                runtime_init_default_alarm_pool
 .text.timer_hardware_alarm_claim
                0x10002274       0x14 CMakeFiles/Ohmimetro.dir/C_/Users/Aulo/.pico-sdk/sdk/2.1.1/src/rp2_common/hardware_timer/timer.c.obj
                0x10002274                timer_hardware_alarm_claim
 .text.timer_time_us_64
                0x10002288       0x10 CMakeFiles/Ohmimetro.dir/C_/Users/Aulo/.pico-sdk/sdk/2.1.1/src/rp2_common/hardware_timer/timer.c.obj
                0x10002288                timer_time_us_64
 .text.timer_busy_wait_until
                0x10002298       0x1a CMakeFiles/Ohmimetro.dir/C_/Users/Aulo/.pico-sdk/sdk/2.1.1/src/rp2_common/hardware_timer/timer.c.obj
                0x10002298                timer_busy_wait_until
 .text.timer_busy_wait_us
                0x100022b2       0x38 CMakeFiles/Ohmimetro.dir/C_/Users/Aulo/.pico-sdk/sdk/2.1.1/src/rp2_common/hardware_timer/timer.c.obj
                0x100022b2                timer_busy_wait_us
 *fill*         0x100022ea        0x2 
 .text.time_us_64
                0x100022ec       0x10 CMakeFiles/Ohmimetro.dir/C_/Users/Aulo/.pico-sdk/sdk/2.1.1/src/rp2_common/hardware_timer/timer.c.obj
                0x100022ec                time_us_64
 .text.busy_wait_us
                0x100022fc       0x14 CMakeFiles/Ohmimetro.dir/C_/Users/Aulo/.pico-sdk/sdk/2.1.1/src/rp2_common/hardware_timer/timer.c.obj
                0x100022fc                busy_wait_us
 .text.busy_wait_until
                0x10002310       0x14 CMakeFiles/Ohmimetro.dir/C_/Users/Aulo/.pico-sdk/sdk/2.1.1/src/rp2_common/hardware_timer/timer.c.obj
                0x10002310                busy_wait_until
 .text.uart_unreset
                0x10002324       0x2c CMakeFiles/Ohmimetro.dir/C_/Users/Aulo/.pico-sdk/sdk/2.1.1/src/rp2_common/hardware_uart/uart.c.obj
 .text.uart_disable_before_lcr_write
                0x10002350       0x48 CMakeFiles/Ohmimetro.dir/C_/Users/Aulo/.pico-sdk/sdk/2.1.1/src/rp2_common/hardware_uart/uart.c.obj
 .text.uart_write_lcr_bits_masked
                0x10002398       0x20 CMakeFiles/Ohmimetro.dir/C_/Users/Aulo/.pico-sdk/sdk/2.1.1/src/rp2_common/hardware_uart/uart.c.obj
 .text.uart_set_baudrate
                0x100023b8       0x5c CMakeFiles/Ohmimetro.dir/C_/Users/Aulo/.pico-sdk/sdk/2.1.1/src/rp2_common/hardware_uart/uart.c.obj
                0x100023b8                uart_set_baudrate
 .text.uart_set_translate_crlf
                0x10002414       0x28 CMakeFiles/Ohmimetro.dir/C_/Users/Aulo/.pico-sdk/sdk/2.1.1/src/rp2_common/hardware_uart/uart.c.obj
                0x10002414                uart_set_translate_crlf
 .text.uart_init
                0x1000243c       0x64 CMakeFiles/Ohmimetro.dir/C_/Users/Aulo/.pico-sdk/sdk/2.1.1/src/rp2_common/hardware_uart/uart.c.obj
                0x1000243c                uart_init
 .text.clock_configure_internal
                0x100024a0       0xc4 CMakeFiles/Ohmimetro.dir/C_/Users/Aulo/.pico-sdk/sdk/2.1.1/src/rp2_common/hardware_clocks/clocks.c.obj
 .text.clock_configure_int_divider
                0x10002564       0x28 CMakeFiles/Ohmimetro.dir/C_/Users/Aulo/.pico-sdk/sdk/2.1.1/src/rp2_common/hardware_clocks/clocks.c.obj
                0x10002564                clock_configure_int_divider
 .text.clock_configure_undivided
                0x1000258c       0x12 CMakeFiles/Ohmimetro.dir/C_/Users/Aulo/.pico-sdk/sdk/2.1.1/src/rp2_common/hardware_clocks/clocks.c.obj
                0x1000258c                clock_configure_undivided
 *fill*         0x1000259e        0x2 
 .text.clock_get_hz
                0x100025a0        0xc CMakeFiles/Ohmimetro.dir/C_/Users/Aulo/.pico-sdk/sdk/2.1.1/src/rp2_common/hardware_clocks/clocks.c.obj
                0x100025a0                clock_get_hz
 .text.pll_init
                0x100025ac      0x124 CMakeFiles/Ohmimetro.dir/C_/Users/Aulo/.pico-sdk/sdk/2.1.1/src/rp2_common/hardware_pll/pll.c.obj
                0x100025ac                pll_init
 .text.watchdog_update
                0x100026d0       0x14 CMakeFiles/Ohmimetro.dir/C_/Users/Aulo/.pico-sdk/sdk/2.1.1/src/rp2_common/hardware_watchdog/watchdog.c.obj
                0x100026d0                watchdog_update
 .text._watchdog_enable
                0x100026e4       0x7c CMakeFiles/Ohmimetro.dir/C_/Users/Aulo/.pico-sdk/sdk/2.1.1/src/rp2_common/hardware_watchdog/watchdog.c.obj
                0x100026e4                _watchdog_enable
 .text.watchdog_reboot
                0x10002760       0x48 CMakeFiles/Ohmimetro.dir/C_/Users/Aulo/.pico-sdk/sdk/2.1.1/src/rp2_common/hardware_watchdog/watchdog.c.obj
                0x10002760                watchdog_reboot
 .text.tick_start
                0x100027a8       0x10 CMakeFiles/Ohmimetro.dir/C_/Users/Aulo/.pico-sdk/sdk/2.1.1/src/rp2_common/hardware_ticks/ticks.c.obj
                0x100027a8                tick_start
 .text.rom_func_lookup
                0x100027b8       0x10 CMakeFiles/Ohmimetro.dir/C_/Users/Aulo/.pico-sdk/sdk/2.1.1/src/rp2_common/pico_bootrom/bootrom.c.obj
                0x100027b8                rom_func_lookup
 .text.rom_data_lookup
                0x100027c8       0x10 CMakeFiles/Ohmimetro.dir/C_/Users/Aulo/.pico-sdk/sdk/2.1.1/src/rp2_common/pico_bootrom/bootrom.c.obj
                0x100027c8                rom_data_lookup
 .text.rom_funcs_lookup
                0x100027d8       0x36 CMakeFiles/Ohmimetro.dir/C_/Users/Aulo/.pico-sdk/sdk/2.1.1/src/rp2_common/pico_bootrom/bootrom.c.obj
                0x100027d8                rom_funcs_lookup
 *fill*         0x1000280e        0x2 
 .text.rom_reset_usb_boot
                0x10002810       0x18 CMakeFiles/Ohmimetro.dir/C_/Users/Aulo/.pico-sdk/sdk/2.1.1/src/rp2_common/pico_bootrom/bootrom.c.obj
                0x10002810                rom_reset_usb_boot
 .text.rom_reset_usb_boot_extra
                0x10002828       0x24 CMakeFiles/Ohmimetro.dir/C_/Users/Aulo/.pico-sdk/sdk/2.1.1/src/rp2_common/pico_bootrom/bootrom.c.obj
                0x10002828                rom_reset_usb_boot_extra
 .text.xosc_init
                0x1000284c       0x2c CMakeFiles/Ohmimetro.dir/C_/Users/Aulo/.pico-sdk/sdk/2.1.1/src/rp2_common/hardware_xosc/xosc.c.obj
                0x1000284c                xosc_init
 .text.runtime_run_initializers_from
                0x10002878       0x18 CMakeFiles/Ohmimetro.dir/C_/Users/Aulo/.pico-sdk/sdk/2.1.1/src/rp2_common/pico_runtime/runtime.c.obj
 .text.first_per_core_initializer
                0x10002890        0x2 CMakeFiles/Ohmimetro.dir/C_/Users/Aulo/.pico-sdk/sdk/2.1.1/src/rp2_common/pico_runtime/runtime.c.obj
 *fill*         0x10002892        0x2 
 .text.runtime_run_initializers
                0x10002894       0x10 CMakeFiles/Ohmimetro.dir/C_/Users/Aulo/.pico-sdk/sdk/2.1.1/src/rp2_common/pico_runtime/runtime.c.obj
                0x10002894                runtime_run_initializers
 .text.runtime_init_early_resets
                0x100028a4       0x2c CMakeFiles/Ohmimetro.dir/C_/Users/Aulo/.pico-sdk/sdk/2.1.1/src/rp2_common/pico_runtime_init/runtime_init.c.obj
                0x100028a4                runtime_init_early_resets
 .text.runtime_init_usb_power_down
                0x100028d0       0x1c CMakeFiles/Ohmimetro.dir/C_/Users/Aulo/.pico-sdk/sdk/2.1.1/src/rp2_common/pico_runtime_init/runtime_init.c.obj
                0x100028d0                runtime_init_usb_power_down
 .text.runtime_init_post_clock_resets
                0x100028ec       0x20 CMakeFiles/Ohmimetro.dir/C_/Users/Aulo/.pico-sdk/sdk/2.1.1/src/rp2_common/pico_runtime_init/runtime_init.c.obj
                0x100028ec                runtime_init_post_clock_resets
 .text.runtime_init_rp2040_gpio_ie_disable
                0x1000290c       0x14 CMakeFiles/Ohmimetro.dir/C_/Users/Aulo/.pico-sdk/sdk/2.1.1/src/rp2_common/pico_runtime_init/runtime_init.c.obj
                0x1000290c                runtime_init_rp2040_gpio_ie_disable
 .text.runtime_init_spin_locks_reset
                0x10002920        0x8 CMakeFiles/Ohmimetro.dir/C_/Users/Aulo/.pico-sdk/sdk/2.1.1/src/rp2_common/pico_runtime_init/runtime_init.c.obj
                0x10002920                runtime_init_spin_locks_reset
 .text.runtime_init_install_ram_vector_table
                0x10002928       0x1c CMakeFiles/Ohmimetro.dir/C_/Users/Aulo/.pico-sdk/sdk/2.1.1/src/rp2_common/pico_runtime_init/runtime_init.c.obj
                0x10002928                runtime_init_install_ram_vector_table
 .text.start_all_ticks
                0x10002944       0x28 CMakeFiles/Ohmimetro.dir/C_/Users/Aulo/.pico-sdk/sdk/2.1.1/src/rp2_common/pico_runtime_init/runtime_init_clocks.c.obj
 .text.runtime_init_clocks
                0x1000296c       0xcc CMakeFiles/Ohmimetro.dir/C_/Users/Aulo/.pico-sdk/sdk/2.1.1/src/rp2_common/pico_runtime_init/runtime_init_clocks.c.obj
                0x1000296c                runtime_init_clocks
 .text          0x10002a38       0x10 CMakeFiles/Ohmimetro.dir/C_/Users/Aulo/.pico-sdk/sdk/2.1.1/src/rp2_common/pico_bit_ops/bit_ops_aeabi.S.obj
 .text.__wrap___aeabi_idiv
                0x10002a48       0x50 CMakeFiles/Ohmimetro.dir/C_/Users/Aulo/.pico-sdk/sdk/2.1.1/src/rp2_common/pico_divider/divider_hardware.S.obj
                0x10002a48                __wrap___aeabi_idivmod
                0x10002a48                divmod_s32s32
                0x10002a48                div_s32s32
                0x10002a48                __wrap___aeabi_idiv
                0x10002a50                divmod_s32s32_unsafe
                0x10002a7c                divmod_s32s32_savestate
 .text.__wrap___aeabi_uidiv
                0x10002a98       0x4c CMakeFiles/Ohmimetro.dir/C_/Users/Aulo/.pico-sdk/sdk/2.1.1/src/rp2_common/pico_divider/divider_hardware.S.obj
                0x10002a98                __wrap___aeabi_uidiv
                0x10002a98                __wrap___aeabi_uidivmod
                0x10002a98                div_u32u32
                0x10002a98                divmod_u32u32
                0x10002aa0                divmod_u32u32_unsafe
                0x10002ac8                divmod_u32u32_savestate
 .text.__wrap___aeabi_ldiv
                0x10002ae4      0x424 CMakeFiles/Ohmimetro.dir/C_/Users/Aulo/.pico-sdk/sdk/2.1.1/src/rp2_common/pico_divider/divider_hardware.S.obj
                0x10002ae4                div_s64s64
                0x10002ae4                divmod_s64s64
                0x10002ae4                __wrap___aeabi_ldivmod
                0x10002b14                divmod_u64u64
                0x10002b14                div_u64u64
                0x10002b14                __wrap___aeabi_uldivmod
                0x10002b24                divmod_u64u64_savestate
                0x10002b44                divmod_s64s64_unsafe
                0x10002bcc                divmod_u64u64_unsafe
 .text.__wrap___aeabi_darithmetic
                0x10002f08       0x60 CMakeFiles/Ohmimetro.dir/C_/Users/Aulo/.pico-sdk/sdk/2.1.1/src/rp2_common/pico_double/double_aeabi_rp2040.S.obj
                0x10002f08                __wrap___aeabi_drsub
                0x10002f0e                __wrap___aeabi_dsub
                0x10002f18                __wrap___aeabi_dadd
                0x10002f22                __wrap___aeabi_ddiv
                0x10002f56                __wrap___aeabi_dmul
 .text.__wrap___aeabi_cdcmple
                0x10002f68       0x6c CMakeFiles/Ohmimetro.dir/C_/Users/Aulo/.pico-sdk/sdk/2.1.1/src/rp2_common/pico_double/double_aeabi_rp2040.S.obj
                0x10002f68                __wrap___aeabi_cdrcmple
                0x10002f78                __wrap___aeabi_cdcmpeq
                0x10002f78                __wrap___aeabi_cdcmple
 .text.__wrap___aeabi_dcmpeq
                0x10002fd4       0x10 CMakeFiles/Ohmimetro.dir/C_/Users/Aulo/.pico-sdk/sdk/2.1.1/src/rp2_common/pico_double/double_aeabi_rp2040.S.obj
                0x10002fd4                __wrap___aeabi_dcmpeq
 .text.__wrap___aeabi_dcmplt
                0x10002fe4        0xc CMakeFiles/Ohmimetro.dir/C_/Users/Aulo/.pico-sdk/sdk/2.1.1/src/rp2_common/pico_double/double_aeabi_rp2040.S.obj
                0x10002fe4                __wrap___aeabi_dcmplt
 .text.__wrap___aeabi_dcmple
                0x10002ff0       0x10 CMakeFiles/Ohmimetro.dir/C_/Users/Aulo/.pico-sdk/sdk/2.1.1/src/rp2_common/pico_double/double_aeabi_rp2040.S.obj
                0x10002ff0                __wrap___aeabi_dcmple
 .text.__wrap___aeabi_dcmpge
                0x10003000       0x10 CMakeFiles/Ohmimetro.dir/C_/Users/Aulo/.pico-sdk/sdk/2.1.1/src/rp2_common/pico_double/double_aeabi_rp2040.S.obj
                0x10003000                __wrap___aeabi_dcmpge
 .text.__wrap___aeabi_dcmpgt
                0x10003010        0xa CMakeFiles/Ohmimetro.dir/C_/Users/Aulo/.pico-sdk/sdk/2.1.1/src/rp2_common/pico_double/double_aeabi_rp2040.S.obj
                0x10003010                __wrap___aeabi_dcmpgt
 .text.__wrap___aeabi_dcmpun
                0x1000301a       0x18 CMakeFiles/Ohmimetro.dir/C_/Users/Aulo/.pico-sdk/sdk/2.1.1/src/rp2_common/pico_double/double_aeabi_rp2040.S.obj
                0x1000301a                __wrap___aeabi_dcmpun
 *fill*         0x10003032        0x2 
 .text.__wrap___aeabi_i2d
                0x10003034       0x38 CMakeFiles/Ohmimetro.dir/C_/Users/Aulo/.pico-sdk/sdk/2.1.1/src/rp2_common/pico_double/double_aeabi_rp2040.S.obj
                0x10003034                uint2double
                0x10003034                __wrap___aeabi_ui2d
                0x1000303c                int2double
                0x1000303c                __wrap___aeabi_i2d
 .text.__wrap___aeabi_d2iz
                0x1000306c       0x48 CMakeFiles/Ohmimetro.dir/C_/Users/Aulo/.pico-sdk/sdk/2.1.1/src/rp2_common/pico_double/double_aeabi_rp2040.S.obj
                0x1000306c                double2int_z
                0x1000306c                __wrap___aeabi_d2iz
 .text.__wrap___aeabi_d2uiz
                0x100030b4       0x10 CMakeFiles/Ohmimetro.dir/C_/Users/Aulo/.pico-sdk/sdk/2.1.1/src/rp2_common/pico_double/double_aeabi_rp2040.S.obj
                0x100030b4                double2uint
                0x100030b4                __wrap___aeabi_d2uiz
                0x100030b4                double2uint_z
 .text.__wrap___aeabi_d2f
                0x100030c4       0x10 CMakeFiles/Ohmimetro.dir/C_/Users/Aulo/.pico-sdk/sdk/2.1.1/src/rp2_common/pico_double/double_aeabi_rp2040.S.obj
                0x100030c4                __wrap___aeabi_d2f
 .text.__wrap_exp
                0x100030d4       0x10 CMakeFiles/Ohmimetro.dir/C_/Users/Aulo/.pico-sdk/sdk/2.1.1/src/rp2_common/pico_double/double_aeabi_rp2040.S.obj
                0x100030d4                __wrap_exp
 .text.__wrap_log
                0x100030e4       0x10 CMakeFiles/Ohmimetro.dir/C_/Users/Aulo/.pico-sdk/sdk/2.1.1/src/rp2_common/pico_double/double_aeabi_rp2040.S.obj
                0x100030e4                __wrap_log
 .text.missing_double_func_shim
                0x100030f4        0xc CMakeFiles/Ohmimetro.dir/C_/Users/Aulo/.pico-sdk/sdk/2.1.1/src/rp2_common/pico_double/double_init_rom_rp2040.c.obj
 .text.__aeabi_double_init
                0x10003100       0xd0 CMakeFiles/Ohmimetro.dir/C_/Users/Aulo/.pico-sdk/sdk/2.1.1/src/rp2_common/pico_double/double_init_rom_rp2040.c.obj
                0x10003100                __aeabi_double_init
 .text.dldexp   0x100031d0       0x50 CMakeFiles/Ohmimetro.dir/C_/Users/Aulo/.pico-sdk/sdk/2.1.1/src/rp2_common/pico_double/double_math.c.obj
 .text.disint   0x10003220       0x60 CMakeFiles/Ohmimetro.dir/C_/Users/Aulo/.pico-sdk/sdk/2.1.1/src/rp2_common/pico_double/double_math.c.obj
 .text.disoddint
                0x10003280       0x7c CMakeFiles/Ohmimetro.dir/C_/Users/Aulo/.pico-sdk/sdk/2.1.1/src/rp2_common/pico_double/double_math.c.obj
 .text.dispo2   0x100032fc       0x28 CMakeFiles/Ohmimetro.dir/C_/Users/Aulo/.pico-sdk/sdk/2.1.1/src/rp2_common/pico_double/double_math.c.obj
 .text.dpow_int2
                0x10003324       0x2c CMakeFiles/Ohmimetro.dir/C_/Users/Aulo/.pico-sdk/sdk/2.1.1/src/rp2_common/pico_double/double_math.c.obj
 .text.dpowint_1
                0x10003350       0x24 CMakeFiles/Ohmimetro.dir/C_/Users/Aulo/.pico-sdk/sdk/2.1.1/src/rp2_common/pico_double/double_math.c.obj
 .text.dpow_1   0x10003374      0x1dc CMakeFiles/Ohmimetro.dir/C_/Users/Aulo/.pico-sdk/sdk/2.1.1/src/rp2_common/pico_double/double_math.c.obj
 .text.dpow_0   0x10003550       0xd8 CMakeFiles/Ohmimetro.dir/C_/Users/Aulo/.pico-sdk/sdk/2.1.1/src/rp2_common/pico_double/double_math.c.obj
 .text.__wrap_ldexp
                0x10003628        0x8 CMakeFiles/Ohmimetro.dir/C_/Users/Aulo/.pico-sdk/sdk/2.1.1/src/rp2_common/pico_double/double_math.c.obj
                0x10003628                __wrap_ldexp
 .text.__wrap_round
                0x10003630       0x98 CMakeFiles/Ohmimetro.dir/C_/Users/Aulo/.pico-sdk/sdk/2.1.1/src/rp2_common/pico_double/double_math.c.obj
                0x10003630                __wrap_round
 .text.__wrap_exp2
                0x100036c8       0x88 CMakeFiles/Ohmimetro.dir/C_/Users/Aulo/.pico-sdk/sdk/2.1.1/src/rp2_common/pico_double/double_math.c.obj
                0x100036c8                __wrap_exp2
 .text.__wrap_pow
                0x10003750      0x168 CMakeFiles/Ohmimetro.dir/C_/Users/Aulo/.pico-sdk/sdk/2.1.1/src/rp2_common/pico_double/double_math.c.obj
                0x10003750                __wrap_pow
 .text.double_table_shim_on_use_helper
                0x100038b8       0x34 CMakeFiles/Ohmimetro.dir/C_/Users/Aulo/.pico-sdk/sdk/2.1.1/src/rp2_common/pico_double/double_v1_rom_shim_rp2040.S.obj
                0x100038b8                double_table_shim_on_use_helper
 .text.__aeabi_lmul
                0x100038ec       0x32 CMakeFiles/Ohmimetro.dir/C_/Users/Aulo/.pico-sdk/sdk/2.1.1/src/rp2_common/pico_int64_ops/pico_int64_ops_aeabi.S.obj
                0x100038ec                __wrap___aeabi_lmul
 *fill*         0x1000391e        0x2 
 .text.__wrap___aeabi_farithmetic
                0x10003920       0x48 CMakeFiles/Ohmimetro.dir/C_/Users/Aulo/.pico-sdk/sdk/2.1.1/src/rp2_common/pico_float/float_aeabi_rp2040.S.obj
                0x10003920                __wrap___aeabi_frsub
                0x10003926                __wrap___aeabi_fsub
                0x1000392c                __wrap___aeabi_fadd
                0x10003932                __wrap___aeabi_fdiv
                0x1000395a                __wrap___aeabi_fmul
 .text.__wrap___aeabi_cfcmple
                0x10003968       0x50 CMakeFiles/Ohmimetro.dir/C_/Users/Aulo/.pico-sdk/sdk/2.1.1/src/rp2_common/pico_float/float_aeabi_rp2040.S.obj
                0x10003968                __wrap___aeabi_cfrcmple
                0x10003974                __wrap___aeabi_cfcmple
                0x10003974                __wrap___aeabi_cfcmpeq
 .text.__wrap___aeabi_fcmpeq
                0x100039b8       0x10 CMakeFiles/Ohmimetro.dir/C_/Users/Aulo/.pico-sdk/sdk/2.1.1/src/rp2_common/pico_float/float_aeabi_rp2040.S.obj
                0x100039b8                __wrap___aeabi_fcmpeq
 .text.__wrap___aeabi_fcmplt
                0x100039c8        0xc CMakeFiles/Ohmimetro.dir/C_/Users/Aulo/.pico-sdk/sdk/2.1.1/src/rp2_common/pico_float/float_aeabi_rp2040.S.obj
                0x100039c8                __wrap___aeabi_fcmplt
 .text.__wrap___aeabi_fcmpge
                0x100039d4       0x10 CMakeFiles/Ohmimetro.dir/C_/Users/Aulo/.pico-sdk/sdk/2.1.1/src/rp2_common/pico_float/float_aeabi_rp2040.S.obj
                0x100039d4                __wrap___aeabi_fcmpge
 .text.__wrap___aeabi_fcmpgt
                0x100039e4        0xa CMakeFiles/Ohmimetro.dir/C_/Users/Aulo/.pico-sdk/sdk/2.1.1/src/rp2_common/pico_float/float_aeabi_rp2040.S.obj
                0x100039e4                __wrap___aeabi_fcmpgt
 .text.__wrap___aeabi_ui2f
                0x100039ee        0xa CMakeFiles/Ohmimetro.dir/C_/Users/Aulo/.pico-sdk/sdk/2.1.1/src/rp2_common/pico_float/float_aeabi_rp2040.S.obj
                0x100039ee                __wrap___aeabi_ui2f
                0x100039ee                uint2float
 .text.__wrap___aeabi_i2f
                0x100039f8       0x44 CMakeFiles/Ohmimetro.dir/C_/Users/Aulo/.pico-sdk/sdk/2.1.1/src/rp2_common/pico_float/float_aeabi_rp2040.S.obj
                0x100039f8                __wrap___aeabi_i2f
                0x100039f8                int2float
 .text.__wrap___aeabi_f2iz
                0x10003a3c       0x4e CMakeFiles/Ohmimetro.dir/C_/Users/Aulo/.pico-sdk/sdk/2.1.1/src/rp2_common/pico_float/float_aeabi_rp2040.S.obj
                0x10003a3c                float2int_z
                0x10003a3c                __wrap___aeabi_f2iz
 *fill*         0x10003a8a        0x2 
 .text.float2int
                0x10003a8c        0xc CMakeFiles/Ohmimetro.dir/C_/Users/Aulo/.pico-sdk/sdk/2.1.1/src/rp2_common/pico_float/float_aeabi_rp2040.S.obj
                0x10003a8c                float2int
 .text.__wrap___aeabi_f2uiz
                0x10003a98        0xc CMakeFiles/Ohmimetro.dir/C_/Users/Aulo/.pico-sdk/sdk/2.1.1/src/rp2_common/pico_float/float_aeabi_rp2040.S.obj
                0x10003a98                float2uint_z
                0x10003a98                __wrap___aeabi_f2uiz
                0x10003a98                float2uint
 .text.__wrap___aeabi_f2d
                0x10003aa4        0xc CMakeFiles/Ohmimetro.dir/C_/Users/Aulo/.pico-sdk/sdk/2.1.1/src/rp2_common/pico_float/float_aeabi_rp2040.S.obj
                0x10003aa4                __wrap___aeabi_f2d
 .text.missing_float_func_shim
                0x10003ab0        0xc CMakeFiles/Ohmimetro.dir/C_/Users/Aulo/.pico-sdk/sdk/2.1.1/src/rp2_common/pico_float/float_init_rom_rp2040.c.obj
 .text.__aeabi_float_init
                0x10003abc       0x88 CMakeFiles/Ohmimetro.dir/C_/Users/Aulo/.pico-sdk/sdk/2.1.1/src/rp2_common/pico_float/float_init_rom_rp2040.c.obj
                0x10003abc                __aeabi_float_init
 .text.check_alloc
                0x10003b44       0x20 CMakeFiles/Ohmimetro.dir/C_/Users/Aulo/.pico-sdk/sdk/2.1.1/src/rp2_common/pico_malloc/malloc.c.obj
 .text.__wrap_calloc
                0x10003b64       0x18 CMakeFiles/Ohmimetro.dir/C_/Users/Aulo/.pico-sdk/sdk/2.1.1/src/rp2_common/pico_malloc/malloc.c.obj
                0x10003b64                __wrap_calloc
 .text          0x10003b7c       0x10 CMakeFiles/Ohmimetro.dir/C_/Users/Aulo/.pico-sdk/sdk/2.1.1/src/rp2_common/pico_mem_ops/mem_ops_aeabi.S.obj
                0x10003b7c                __aeabi_mem_init
 .text.memset   0x10003b8c        0xc CMakeFiles/Ohmimetro.dir/C_/Users/Aulo/.pico-sdk/sdk/2.1.1/src/rp2_common/pico_mem_ops/mem_ops_aeabi.S.obj
                0x10003b8c                __wrap_memset
 .text.memcpy   0x10003b98        0xc CMakeFiles/Ohmimetro.dir/C_/Users/Aulo/.pico-sdk/sdk/2.1.1/src/rp2_common/pico_mem_ops/mem_ops_aeabi.S.obj
                0x10003b98                __wrap_memcpy
                0x10003b98                __wrap___aeabi_memcpy
 .text._out_buffer
                0x10003ba4        0x8 CMakeFiles/Ohmimetro.dir/C_/Users/Aulo/.pico-sdk/sdk/2.1.1/src/rp2_common/pico_printf/printf.c.obj
 .text._out_null
                0x10003bac        0x2 CMakeFiles/Ohmimetro.dir/C_/Users/Aulo/.pico-sdk/sdk/2.1.1/src/rp2_common/pico_printf/printf.c.obj
 .text._out_fct
                0x10003bae        0xe CMakeFiles/Ohmimetro.dir/C_/Users/Aulo/.pico-sdk/sdk/2.1.1/src/rp2_common/pico_printf/printf.c.obj
 .text._atoi    0x10003bbc       0x24 CMakeFiles/Ohmimetro.dir/C_/Users/Aulo/.pico-sdk/sdk/2.1.1/src/rp2_common/pico_printf/printf.c.obj
 .text._out_rev
                0x10003be0       0xb0 CMakeFiles/Ohmimetro.dir/C_/Users/Aulo/.pico-sdk/sdk/2.1.1/src/rp2_common/pico_printf/printf.c.obj
 .text._ntoa_format
                0x10003c90      0x10e CMakeFiles/Ohmimetro.dir/C_/Users/Aulo/.pico-sdk/sdk/2.1.1/src/rp2_common/pico_printf/printf.c.obj
 .text._ntoa_long
                0x10003d9e       0xbc CMakeFiles/Ohmimetro.dir/C_/Users/Aulo/.pico-sdk/sdk/2.1.1/src/rp2_common/pico_printf/printf.c.obj
 .text._ntoa_long_long
                0x10003e5a      0x10e CMakeFiles/Ohmimetro.dir/C_/Users/Aulo/.pico-sdk/sdk/2.1.1/src/rp2_common/pico_printf/printf.c.obj
 .text._etoa    0x10003f68      0x424 CMakeFiles/Ohmimetro.dir/C_/Users/Aulo/.pico-sdk/sdk/2.1.1/src/rp2_common/pico_printf/printf.c.obj
 .text._ftoa    0x1000438c      0x348 CMakeFiles/Ohmimetro.dir/C_/Users/Aulo/.pico-sdk/sdk/2.1.1/src/rp2_common/pico_printf/printf.c.obj
 .text._vsnprintf
                0x100046d4      0x6a4 CMakeFiles/Ohmimetro.dir/C_/Users/Aulo/.pico-sdk/sdk/2.1.1/src/rp2_common/pico_printf/printf.c.obj
 .text.__wrap_sprintf
                0x10004d78       0x2c CMakeFiles/Ohmimetro.dir/C_/Users/Aulo/.pico-sdk/sdk/2.1.1/src/rp2_common/pico_printf/printf.c.obj
                0x10004d78                __wrap_sprintf
 .text.vfctprintf
                0x10004da4       0x24 CMakeFiles/Ohmimetro.dir/C_/Users/Aulo/.pico-sdk/sdk/2.1.1/src/rp2_common/pico_printf/printf.c.obj
                0x10004da4                vfctprintf
 .text._exit    0x10004dc8        0x4 CMakeFiles/Ohmimetro.dir/C_/Users/Aulo/.pico-sdk/sdk/2.1.1/src/rp2_common/pico_clib_interface/newlib_interface.c.obj
                0x10004dc8                _exit
 .text._sbrk    0x10004dcc       0x38 CMakeFiles/Ohmimetro.dir/C_/Users/Aulo/.pico-sdk/sdk/2.1.1/src/rp2_common/pico_clib_interface/newlib_interface.c.obj
                0x10004dcc                _sbrk
 .text.exit     0x10004e04        0x6 CMakeFiles/Ohmimetro.dir/C_/Users/Aulo/.pico-sdk/sdk/2.1.1/src/rp2_common/pico_clib_interface/newlib_interface.c.obj
                0x10004e04                exit
 *fill*         0x10004e0a        0x2 
 .text.__assert_func
                0x10004e0c       0x38 CMakeFiles/Ohmimetro.dir/C_/Users/Aulo/.pico-sdk/sdk/2.1.1/src/rp2_common/pico_clib_interface/newlib_interface.c.obj
                0x10004e0c                __assert_func
 .text.runtime_init
                0x10004e44       0x28 CMakeFiles/Ohmimetro.dir/C_/Users/Aulo/.pico-sdk/sdk/2.1.1/src/rp2_common/pico_clib_interface/newlib_interface.c.obj
                0x10004e44                runtime_init
 .text.stdio_out_chars_no_crlf
                0x10004e6c        0xe CMakeFiles/Ohmimetro.dir/C_/Users/Aulo/.pico-sdk/sdk/2.1.1/src/rp2_common/pico_stdio/stdio.c.obj
 *fill*         0x10004e7a        0x2 
 .text.stdio_out_chars_crlf
                0x10004e7c       0x80 CMakeFiles/Ohmimetro.dir/C_/Users/Aulo/.pico-sdk/sdk/2.1.1/src/rp2_common/pico_stdio/stdio.c.obj
 .text.stdio_stack_buffer_flush
                0x10004efc       0x44 CMakeFiles/Ohmimetro.dir/C_/Users/Aulo/.pico-sdk/sdk/2.1.1/src/rp2_common/pico_stdio/stdio.c.obj
 .text.stdio_buffered_printer
                0x10004f40       0x20 CMakeFiles/Ohmimetro.dir/C_/Users/Aulo/.pico-sdk/sdk/2.1.1/src/rp2_common/pico_stdio/stdio.c.obj
 .text.stdout_serialize_begin
                0x10004f60       0x30 CMakeFiles/Ohmimetro.dir/C_/Users/Aulo/.pico-sdk/sdk/2.1.1/src/rp2_common/pico_stdio/stdio.c.obj
                0x10004f60                stdout_serialize_begin
 .text.stdout_serialize_end
                0x10004f90       0x10 CMakeFiles/Ohmimetro.dir/C_/Users/Aulo/.pico-sdk/sdk/2.1.1/src/rp2_common/pico_stdio/stdio.c.obj
                0x10004f90                stdout_serialize_end
 .text.stdio_put_string
                0x10004fa0       0x94 CMakeFiles/Ohmimetro.dir/C_/Users/Aulo/.pico-sdk/sdk/2.1.1/src/rp2_common/pico_stdio/stdio.c.obj
                0x10004fa0                stdio_put_string
 .text.stdio_set_driver_enabled
                0x10005034       0x30 CMakeFiles/Ohmimetro.dir/C_/Users/Aulo/.pico-sdk/sdk/2.1.1/src/rp2_common/pico_stdio/stdio.c.obj
                0x10005034                stdio_set_driver_enabled
 .text.stdio_flush
                0x10005064       0x20 CMakeFiles/Ohmimetro.dir/C_/Users/Aulo/.pico-sdk/sdk/2.1.1/src/rp2_common/pico_stdio/stdio.c.obj
                0x10005064                stdio_flush
 .text.stdio_init_all
                0x10005084        0xe CMakeFiles/Ohmimetro.dir/C_/Users/Aulo/.pico-sdk/sdk/2.1.1/src/rp2_common/pico_stdio/stdio.c.obj
                0x10005084                stdio_init_all
 .text.__wrap_puts
                0x10005092       0x1e CMakeFiles/Ohmimetro.dir/C_/Users/Aulo/.pico-sdk/sdk/2.1.1/src/rp2_common/pico_stdio/stdio.c.obj
                0x10005092                stdio_puts
                0x10005092                __wrap_puts
 .text.__wrap_vprintf
                0x100050b0       0x40 CMakeFiles/Ohmimetro.dir/C_/Users/Aulo/.pico-sdk/sdk/2.1.1/src/rp2_common/pico_stdio/stdio.c.obj
                0x100050b0                stdio_vprintf
                0x100050b0                __wrap_vprintf
 .text.__wrap_printf
                0x100050f0       0x18 CMakeFiles/Ohmimetro.dir/C_/Users/Aulo/.pico-sdk/sdk/2.1.1/src/rp2_common/pico_stdio/stdio.c.obj
                0x100050f0                __wrap_printf
                0x100050f0                stdio_printf
 .text.uart_putc
                0x10005108       0x60 CMakeFiles/Ohmimetro.dir/C_/Users/Aulo/.pico-sdk/sdk/2.1.1/src/rp2_common/pico_stdio_uart/stdio_uart.c.obj
 .text.uart_getc
                0x10005168       0x24 CMakeFiles/Ohmimetro.dir/C_/Users/Aulo/.pico-sdk/sdk/2.1.1/src/rp2_common/pico_stdio_uart/stdio_uart.c.obj
 .text.stdio_uart_out_chars
                0x1000518c       0x20 CMakeFiles/Ohmimetro.dir/C_/Users/Aulo/.pico-sdk/sdk/2.1.1/src/rp2_common/pico_stdio_uart/stdio_uart.c.obj
 .text.stdio_uart_in_chars
                0x100051ac       0x5c CMakeFiles/Ohmimetro.dir/C_/Users/Aulo/.pico-sdk/sdk/2.1.1/src/rp2_common/pico_stdio_uart/stdio_uart.c.obj
                0x100051ac                stdio_uart_in_chars
 .text.on_uart_rx
                0x10005208       0x28 CMakeFiles/Ohmimetro.dir/C_/Users/Aulo/.pico-sdk/sdk/2.1.1/src/rp2_common/pico_stdio_uart/stdio_uart.c.obj
 .text.stdio_uart_out_flush
                0x10005230       0x10 CMakeFiles/Ohmimetro.dir/C_/Users/Aulo/.pico-sdk/sdk/2.1.1/src/rp2_common/pico_stdio_uart/stdio_uart.c.obj
 .text.stdio_uart_set_chars_available_callback
                0x10005240       0x90 CMakeFiles/Ohmimetro.dir/C_/Users/Aulo/.pico-sdk/sdk/2.1.1/src/rp2_common/pico_stdio_uart/stdio_uart.c.obj
 .text.stdio_uart_init_full
                0x100052d0       0x44 CMakeFiles/Ohmimetro.dir/C_/Users/Aulo/.pico-sdk/sdk/2.1.1/src/rp2_common/pico_stdio_uart/stdio_uart.c.obj
                0x100052d0                stdio_uart_init_full
 .text.stdio_uart_init
                0x10005314       0x30 CMakeFiles/Ohmimetro.dir/C_/Users/Aulo/.pico-sdk/sdk/2.1.1/src/rp2_common/pico_stdio_uart/stdio_uart.c.obj
                0x10005314                stdio_uart_init
 .text.resetd_init
                0x10005344        0x2 CMakeFiles/Ohmimetro.dir/C_/Users/Aulo/.pico-sdk/sdk/2.1.1/src/rp2_common/pico_stdio_usb/reset_interface.c.obj
 *fill*         0x10005346        0x2 
 .text.resetd_reset
                0x10005348        0xc CMakeFiles/Ohmimetro.dir/C_/Users/Aulo/.pico-sdk/sdk/2.1.1/src/rp2_common/pico_stdio_usb/reset_interface.c.obj
 .text.resetd_open
                0x10005354       0x34 CMakeFiles/Ohmimetro.dir/C_/Users/Aulo/.pico-sdk/sdk/2.1.1/src/rp2_common/pico_stdio_usb/reset_interface.c.obj
 .text.resetd_xfer_cb
                0x10005388        0x4 CMakeFiles/Ohmimetro.dir/C_/Users/Aulo/.pico-sdk/sdk/2.1.1/src/rp2_common/pico_stdio_usb/reset_interface.c.obj
 .text.resetd_control_xfer_cb
                0x1000538c       0x60 CMakeFiles/Ohmimetro.dir/C_/Users/Aulo/.pico-sdk/sdk/2.1.1/src/rp2_common/pico_stdio_usb/reset_interface.c.obj
 .text.tud_descriptor_bos_cb
                0x100053ec        0x8 CMakeFiles/Ohmimetro.dir/C_/Users/Aulo/.pico-sdk/sdk/2.1.1/src/rp2_common/pico_stdio_usb/reset_interface.c.obj
                0x100053ec                tud_descriptor_bos_cb
 .text.tud_vendor_control_xfer_cb
                0x100053f4       0x38 CMakeFiles/Ohmimetro.dir/C_/Users/Aulo/.pico-sdk/sdk/2.1.1/src/rp2_common/pico_stdio_usb/reset_interface.c.obj
                0x100053f4                tud_vendor_control_xfer_cb
 .text.usbd_app_driver_get_cb
                0x1000542c        0xc CMakeFiles/Ohmimetro.dir/C_/Users/Aulo/.pico-sdk/sdk/2.1.1/src/rp2_common/pico_stdio_usb/reset_interface.c.obj
                0x1000542c                usbd_app_driver_get_cb
 .text.tud_cdc_line_coding_cb
                0x10005438       0x2c CMakeFiles/Ohmimetro.dir/C_/Users/Aulo/.pico-sdk/sdk/2.1.1/src/rp2_common/pico_stdio_usb/reset_interface.c.obj
                0x10005438                tud_cdc_line_coding_cb
 .text.stdio_usb_set_chars_available_callback
                0x10005464       0x14 CMakeFiles/Ohmimetro.dir/C_/Users/Aulo/.pico-sdk/sdk/2.1.1/src/rp2_common/pico_stdio_usb/stdio_usb.c.obj
                0x10005464                stdio_usb_set_chars_available_callback
 .text.stdio_usb_out_flush
                0x10005478       0x4c CMakeFiles/Ohmimetro.dir/C_/Users/Aulo/.pico-sdk/sdk/2.1.1/src/rp2_common/pico_stdio_usb/stdio_usb.c.obj
 .text.usb_irq  0x100054c4       0x10 CMakeFiles/Ohmimetro.dir/C_/Users/Aulo/.pico-sdk/sdk/2.1.1/src/rp2_common/pico_stdio_usb/stdio_usb.c.obj
 .text.critical_section_enter_blocking
                0x100054d4       0x16 CMakeFiles/Ohmimetro.dir/C_/Users/Aulo/.pico-sdk/sdk/2.1.1/src/rp2_common/pico_stdio_usb/stdio_usb.c.obj
 *fill*         0x100054ea        0x2 
 .text.timer_task
                0x100054ec       0x60 CMakeFiles/Ohmimetro.dir/C_/Users/Aulo/.pico-sdk/sdk/2.1.1/src/rp2_common/pico_stdio_usb/stdio_usb.c.obj
 .text.alarm_pool_add_alarm_in_us
                0x1000554c       0x40 CMakeFiles/Ohmimetro.dir/C_/Users/Aulo/.pico-sdk/sdk/2.1.1/src/rp2_common/pico_stdio_usb/stdio_usb.c.obj
 .text.add_alarm_in_us
                0x1000558c       0x2e CMakeFiles/Ohmimetro.dir/C_/Users/Aulo/.pico-sdk/sdk/2.1.1/src/rp2_common/pico_stdio_usb/stdio_usb.c.obj
 *fill*         0x100055ba        0x2 
 .text.low_priority_worker_irq
                0x100055bc       0x9c CMakeFiles/Ohmimetro.dir/C_/Users/Aulo/.pico-sdk/sdk/2.1.1/src/rp2_common/pico_stdio_usb/stdio_usb.c.obj
 .text.stdio_usb_init
                0x10005658       0xe0 CMakeFiles/Ohmimetro.dir/C_/Users/Aulo/.pico-sdk/sdk/2.1.1/src/rp2_common/pico_stdio_usb/stdio_usb.c.obj
                0x10005658                stdio_usb_init
 .text.stdio_usb_connected
                0x10005738        0xa CMakeFiles/Ohmimetro.dir/C_/Users/Aulo/.pico-sdk/sdk/2.1.1/src/rp2_common/pico_stdio_usb/stdio_usb.c.obj
                0x10005738                stdio_usb_connected
 *fill*         0x10005742        0x2 
 .text.stdio_usb_in_chars
                0x10005744       0x98 CMakeFiles/Ohmimetro.dir/C_/Users/Aulo/.pico-sdk/sdk/2.1.1/src/rp2_common/pico_stdio_usb/stdio_usb.c.obj
                0x10005744                stdio_usb_in_chars
 .text.stdio_usb_out_chars
                0x100057dc       0xe8 CMakeFiles/Ohmimetro.dir/C_/Users/Aulo/.pico-sdk/sdk/2.1.1/src/rp2_common/pico_stdio_usb/stdio_usb.c.obj
 .text.tud_descriptor_device_cb
                0x100058c4        0x8 CMakeFiles/Ohmimetro.dir/C_/Users/Aulo/.pico-sdk/sdk/2.1.1/src/rp2_common/pico_stdio_usb/stdio_usb_descriptors.c.obj
                0x100058c4                tud_descriptor_device_cb
 .text.tud_descriptor_configuration_cb
                0x100058cc        0x8 CMakeFiles/Ohmimetro.dir/C_/Users/Aulo/.pico-sdk/sdk/2.1.1/src/rp2_common/pico_stdio_usb/stdio_usb_descriptors.c.obj
                0x100058cc                tud_descriptor_configuration_cb
 .text.tud_descriptor_string_cb
                0x100058d4       0x6c CMakeFiles/Ohmimetro.dir/C_/Users/Aulo/.pico-sdk/sdk/2.1.1/src/rp2_common/pico_stdio_usb/stdio_usb_descriptors.c.obj
                0x100058d4                tud_descriptor_string_cb
 .text._retrieve_unique_id_on_boot
                0x10005940       0x10 CMakeFiles/Ohmimetro.dir/C_/Users/Aulo/.pico-sdk/sdk/2.1.1/src/rp2_common/pico_unique_id/unique_id.c.obj
 .text.pico_get_unique_board_id_string
                0x10005950       0x58 CMakeFiles/Ohmimetro.dir/C_/Users/Aulo/.pico-sdk/sdk/2.1.1/src/rp2_common/pico_unique_id/unique_id.c.obj
                0x10005950                pico_get_unique_board_id_string
 .text.flash_get_unique_id
                0x100059a8       0x40 CMakeFiles/Ohmimetro.dir/C_/Users/Aulo/.pico-sdk/sdk/2.1.1/src/rp2_common/hardware_flash/flash.c.obj
                0x100059a8                flash_get_unique_id
 .text.hw_endpoint_init
                0x100059e8       0xc0 CMakeFiles/Ohmimetro.dir/C_/Users/Aulo/.pico-sdk/sdk/2.1.1/lib/tinyusb/src/portable/raspberrypi/rp2040/dcd_rp2040.c.obj
 .text.hw_endpoint_alloc
                0x10005aa8       0x48 CMakeFiles/Ohmimetro.dir/C_/Users/Aulo/.pico-sdk/sdk/2.1.1/lib/tinyusb/src/portable/raspberrypi/rp2040/dcd_rp2040.c.obj
 .text.hw_endpoint_open
                0x10005af0       0x50 CMakeFiles/Ohmimetro.dir/C_/Users/Aulo/.pico-sdk/sdk/2.1.1/lib/tinyusb/src/portable/raspberrypi/rp2040/dcd_rp2040.c.obj
 .text.hw_endpoint_xfer
                0x10005b40       0x20 CMakeFiles/Ohmimetro.dir/C_/Users/Aulo/.pico-sdk/sdk/2.1.1/lib/tinyusb/src/portable/raspberrypi/rp2040/dcd_rp2040.c.obj
 .text.dcd_int_enable
                0x10005b60       0x2c CMakeFiles/Ohmimetro.dir/C_/Users/Aulo/.pico-sdk/sdk/2.1.1/lib/tinyusb/src/portable/raspberrypi/rp2040/dcd_rp2040.c.obj
                0x10005b60                dcd_int_enable
 .text.dcd_set_address
                0x10005b8c       0x2c CMakeFiles/Ohmimetro.dir/C_/Users/Aulo/.pico-sdk/sdk/2.1.1/lib/tinyusb/src/portable/raspberrypi/rp2040/dcd_rp2040.c.obj
                0x10005b8c                dcd_set_address
 .text.dcd_connect
                0x10005bb8       0x10 CMakeFiles/Ohmimetro.dir/C_/Users/Aulo/.pico-sdk/sdk/2.1.1/lib/tinyusb/src/portable/raspberrypi/rp2040/dcd_rp2040.c.obj
                0x10005bb8                dcd_connect
 .text.dcd_init
                0x10005bc8       0x80 CMakeFiles/Ohmimetro.dir/C_/Users/Aulo/.pico-sdk/sdk/2.1.1/lib/tinyusb/src/portable/raspberrypi/rp2040/dcd_rp2040.c.obj
                0x10005bc8                dcd_init
 .text.dcd_sof_enable
                0x10005c48       0x1c CMakeFiles/Ohmimetro.dir/C_/Users/Aulo/.pico-sdk/sdk/2.1.1/lib/tinyusb/src/portable/raspberrypi/rp2040/dcd_rp2040.c.obj
                0x10005c48                dcd_sof_enable
 .text.dcd_edpt0_status_complete
                0x10005c64       0x1c CMakeFiles/Ohmimetro.dir/C_/Users/Aulo/.pico-sdk/sdk/2.1.1/lib/tinyusb/src/portable/raspberrypi/rp2040/dcd_rp2040.c.obj
                0x10005c64                dcd_edpt0_status_complete
 .text.dcd_edpt_open
                0x10005c80       0x26 CMakeFiles/Ohmimetro.dir/C_/Users/Aulo/.pico-sdk/sdk/2.1.1/lib/tinyusb/src/portable/raspberrypi/rp2040/dcd_rp2040.c.obj
                0x10005c80                dcd_edpt_open
 .text.dcd_edpt_close_all
                0x10005ca6        0x8 CMakeFiles/Ohmimetro.dir/C_/Users/Aulo/.pico-sdk/sdk/2.1.1/lib/tinyusb/src/portable/raspberrypi/rp2040/dcd_rp2040.c.obj
                0x10005ca6                dcd_edpt_close_all
 *fill*         0x10005cae        0x2 
 .text.dcd_edpt_xfer
                0x10005cb0       0x30 CMakeFiles/Ohmimetro.dir/C_/Users/Aulo/.pico-sdk/sdk/2.1.1/lib/tinyusb/src/portable/raspberrypi/rp2040/dcd_rp2040.c.obj
                0x10005cb0                dcd_edpt_xfer
 .text.dcd_edpt_stall
                0x10005ce0       0x3c CMakeFiles/Ohmimetro.dir/C_/Users/Aulo/.pico-sdk/sdk/2.1.1/lib/tinyusb/src/portable/raspberrypi/rp2040/dcd_rp2040.c.obj
                0x10005ce0                dcd_edpt_stall
 .text.dcd_edpt_clear_stall
                0x10005d1c       0x30 CMakeFiles/Ohmimetro.dir/C_/Users/Aulo/.pico-sdk/sdk/2.1.1/lib/tinyusb/src/portable/raspberrypi/rp2040/dcd_rp2040.c.obj
                0x10005d1c                dcd_edpt_clear_stall
 .text.unaligned_memcpy
                0x10005d4c       0x14 CMakeFiles/Ohmimetro.dir/C_/Users/Aulo/.pico-sdk/sdk/2.1.1/lib/tinyusb/src/portable/raspberrypi/rp2040/rp2040_usb.c.obj
 .text.rp2040_usb_init
                0x10005d60       0x44 CMakeFiles/Ohmimetro.dir/C_/Users/Aulo/.pico-sdk/sdk/2.1.1/lib/tinyusb/src/portable/raspberrypi/rp2040/rp2040_usb.c.obj
                0x10005d60                rp2040_usb_init
 .text.hw_endpoint_xfer_start
                0x10005da4       0x60 CMakeFiles/Ohmimetro.dir/C_/Users/Aulo/.pico-sdk/sdk/2.1.1/lib/tinyusb/src/portable/raspberrypi/rp2040/rp2040_usb.c.obj
                0x10005da4                hw_endpoint_xfer_start
 .text.configuration_reset
                0x10005e04       0x84 CMakeFiles/Ohmimetro.dir/C_/Users/Aulo/.pico-sdk/sdk/2.1.1/lib/tinyusb/src/device/usbd.c.obj
 .text.critical_section_enter_blocking
                0x10005e88       0x16 CMakeFiles/Ohmimetro.dir/C_/Users/Aulo/.pico-sdk/sdk/2.1.1/lib/tinyusb/src/device/usbd.c.obj
 .text.usbd_reset
                0x10005e9e        0xc CMakeFiles/Ohmimetro.dir/C_/Users/Aulo/.pico-sdk/sdk/2.1.1/lib/tinyusb/src/device/usbd.c.obj
 .text.invoke_class_control
                0x10005eaa       0x1a CMakeFiles/Ohmimetro.dir/C_/Users/Aulo/.pico-sdk/sdk/2.1.1/lib/tinyusb/src/device/usbd.c.obj
 .text.process_set_config
                0x10005ec4      0x1b0 CMakeFiles/Ohmimetro.dir/C_/Users/Aulo/.pico-sdk/sdk/2.1.1/lib/tinyusb/src/device/usbd.c.obj
 .text.tud_event_hook_cb
                0x10006074        0x2 CMakeFiles/Ohmimetro.dir/C_/Users/Aulo/.pico-sdk/sdk/2.1.1/lib/tinyusb/src/device/usbd.c.obj
                0x10006074                tud_event_hook_cb
 .text.tud_sof_cb
                0x10006076        0x2 CMakeFiles/Ohmimetro.dir/C_/Users/Aulo/.pico-sdk/sdk/2.1.1/lib/tinyusb/src/device/usbd.c.obj
                0x10006076                tud_sof_cb
 .text.tud_descriptor_device_qualifier_cb
                0x10006078        0x4 CMakeFiles/Ohmimetro.dir/C_/Users/Aulo/.pico-sdk/sdk/2.1.1/lib/tinyusb/src/device/usbd.c.obj
                0x10006078                tud_descriptor_device_qualifier_cb
 .text.tud_descriptor_other_speed_configuration_cb
                0x1000607c        0x4 CMakeFiles/Ohmimetro.dir/C_/Users/Aulo/.pico-sdk/sdk/2.1.1/lib/tinyusb/src/device/usbd.c.obj
                0x1000607c                tud_descriptor_other_speed_configuration_cb
 .text.process_get_descriptor
                0x10006080       0xe0 CMakeFiles/Ohmimetro.dir/C_/Users/Aulo/.pico-sdk/sdk/2.1.1/lib/tinyusb/src/device/usbd.c.obj
 .text.tud_mount_cb
                0x10006160        0x2 CMakeFiles/Ohmimetro.dir/C_/Users/Aulo/.pico-sdk/sdk/2.1.1/lib/tinyusb/src/device/usbd.c.obj
                0x10006160                tud_mount_cb
 .text.tud_umount_cb
                0x10006162        0x2 CMakeFiles/Ohmimetro.dir/C_/Users/Aulo/.pico-sdk/sdk/2.1.1/lib/tinyusb/src/device/usbd.c.obj
                0x10006162                tud_umount_cb
 .text.tud_suspend_cb
                0x10006164        0x2 CMakeFiles/Ohmimetro.dir/C_/Users/Aulo/.pico-sdk/sdk/2.1.1/lib/tinyusb/src/device/usbd.c.obj
                0x10006164                tud_suspend_cb
 .text.tud_resume_cb
                0x10006166        0x2 CMakeFiles/Ohmimetro.dir/C_/Users/Aulo/.pico-sdk/sdk/2.1.1/lib/tinyusb/src/device/usbd.c.obj
                0x10006166                tud_resume_cb
 .text.tud_mounted
                0x10006168       0x10 CMakeFiles/Ohmimetro.dir/C_/Users/Aulo/.pico-sdk/sdk/2.1.1/lib/tinyusb/src/device/usbd.c.obj
                0x10006168                tud_mounted
 .text.tud_suspended
                0x10006178       0x10 CMakeFiles/Ohmimetro.dir/C_/Users/Aulo/.pico-sdk/sdk/2.1.1/lib/tinyusb/src/device/usbd.c.obj
                0x10006178                tud_suspended
 .text.tud_inited
                0x10006188       0x14 CMakeFiles/Ohmimetro.dir/C_/Users/Aulo/.pico-sdk/sdk/2.1.1/lib/tinyusb/src/device/usbd.c.obj
                0x10006188                tud_inited
 .text.tud_rhport_init
                0x1000619c      0x100 CMakeFiles/Ohmimetro.dir/C_/Users/Aulo/.pico-sdk/sdk/2.1.1/lib/tinyusb/src/device/usbd.c.obj
                0x1000619c                tud_rhport_init
 .text.usbd_edpt_open
                0x1000629c       0x60 CMakeFiles/Ohmimetro.dir/C_/Users/Aulo/.pico-sdk/sdk/2.1.1/lib/tinyusb/src/device/usbd.c.obj
                0x1000629c                usbd_edpt_open
 .text.usbd_open_edpt_pair
                0x100062fc       0x88 CMakeFiles/Ohmimetro.dir/C_/Users/Aulo/.pico-sdk/sdk/2.1.1/lib/tinyusb/src/device/usbd.c.obj
                0x100062fc                usbd_open_edpt_pair
 .text.usbd_edpt_claim
                0x10006384       0x28 CMakeFiles/Ohmimetro.dir/C_/Users/Aulo/.pico-sdk/sdk/2.1.1/lib/tinyusb/src/device/usbd.c.obj
                0x10006384                usbd_edpt_claim
 .text.usbd_edpt_release
                0x100063ac       0x28 CMakeFiles/Ohmimetro.dir/C_/Users/Aulo/.pico-sdk/sdk/2.1.1/lib/tinyusb/src/device/usbd.c.obj
                0x100063ac                usbd_edpt_release
 .text.usbd_edpt_xfer
                0x100063d4       0x88 CMakeFiles/Ohmimetro.dir/C_/Users/Aulo/.pico-sdk/sdk/2.1.1/lib/tinyusb/src/device/usbd.c.obj
                0x100063d4                usbd_edpt_xfer
 .text.usbd_edpt_stall
                0x1000645c       0x34 CMakeFiles/Ohmimetro.dir/C_/Users/Aulo/.pico-sdk/sdk/2.1.1/lib/tinyusb/src/device/usbd.c.obj
                0x1000645c                usbd_edpt_stall
 .text.usbd_edpt_clear_stall
                0x10006490       0x34 CMakeFiles/Ohmimetro.dir/C_/Users/Aulo/.pico-sdk/sdk/2.1.1/lib/tinyusb/src/device/usbd.c.obj
                0x10006490                usbd_edpt_clear_stall
 .text.usbd_edpt_stalled
                0x100064c4       0x1c CMakeFiles/Ohmimetro.dir/C_/Users/Aulo/.pico-sdk/sdk/2.1.1/lib/tinyusb/src/device/usbd.c.obj
                0x100064c4                usbd_edpt_stalled
 .text.process_control_request
                0x100064e0      0x384 CMakeFiles/Ohmimetro.dir/C_/Users/Aulo/.pico-sdk/sdk/2.1.1/lib/tinyusb/src/device/usbd.c.obj
 .text.tud_task_ext
                0x10006864      0x1c4 CMakeFiles/Ohmimetro.dir/C_/Users/Aulo/.pico-sdk/sdk/2.1.1/lib/tinyusb/src/device/usbd.c.obj
                0x10006864                tud_task_ext
 .text.status_stage_xact
                0x10006a28       0x1a CMakeFiles/Ohmimetro.dir/C_/Users/Aulo/.pico-sdk/sdk/2.1.1/lib/tinyusb/src/device/usbd_control.c.obj
 *fill*         0x10006a42        0x2 
 .text.data_stage_xact
                0x10006a44       0x60 CMakeFiles/Ohmimetro.dir/C_/Users/Aulo/.pico-sdk/sdk/2.1.1/lib/tinyusb/src/device/usbd_control.c.obj
 .text.tud_control_status
                0x10006aa4       0x28 CMakeFiles/Ohmimetro.dir/C_/Users/Aulo/.pico-sdk/sdk/2.1.1/lib/tinyusb/src/device/usbd_control.c.obj
                0x10006aa4                tud_control_status
 .text.tud_control_xfer
                0x10006acc       0x98 CMakeFiles/Ohmimetro.dir/C_/Users/Aulo/.pico-sdk/sdk/2.1.1/lib/tinyusb/src/device/usbd_control.c.obj
                0x10006acc                tud_control_xfer
 .text.usbd_control_reset
                0x10006b64       0x14 CMakeFiles/Ohmimetro.dir/C_/Users/Aulo/.pico-sdk/sdk/2.1.1/lib/tinyusb/src/device/usbd_control.c.obj
                0x10006b64                usbd_control_reset
 .text.usbd_control_set_complete_callback
                0x10006b78        0xc CMakeFiles/Ohmimetro.dir/C_/Users/Aulo/.pico-sdk/sdk/2.1.1/lib/tinyusb/src/device/usbd_control.c.obj
                0x10006b78                usbd_control_set_complete_callback
 .text.usbd_control_set_request
                0x10006b84       0x1c CMakeFiles/Ohmimetro.dir/C_/Users/Aulo/.pico-sdk/sdk/2.1.1/lib/tinyusb/src/device/usbd_control.c.obj
                0x10006b84                usbd_control_set_request
 .text.usbd_control_xfer_cb
                0x10006ba0       0xe0 CMakeFiles/Ohmimetro.dir/C_/Users/Aulo/.pico-sdk/sdk/2.1.1/lib/tinyusb/src/device/usbd_control.c.obj
                0x10006ba0                usbd_control_xfer_cb
 .text._prep_out_transaction
                0x10006c80       0x94 CMakeFiles/Ohmimetro.dir/C_/Users/Aulo/.pico-sdk/sdk/2.1.1/lib/tinyusb/src/class/cdc/cdc_device.c.obj
 .text.tud_cdc_n_connected
                0x10006d14       0x38 CMakeFiles/Ohmimetro.dir/C_/Users/Aulo/.pico-sdk/sdk/2.1.1/lib/tinyusb/src/class/cdc/cdc_device.c.obj
                0x10006d14                tud_cdc_n_connected
 .text.tud_cdc_n_available
                0x10006d4c       0x18 CMakeFiles/Ohmimetro.dir/C_/Users/Aulo/.pico-sdk/sdk/2.1.1/lib/tinyusb/src/class/cdc/cdc_device.c.obj
                0x10006d4c                tud_cdc_n_available
 .text.tud_cdc_n_read
                0x10006d64       0x38 CMakeFiles/Ohmimetro.dir/C_/Users/Aulo/.pico-sdk/sdk/2.1.1/lib/tinyusb/src/class/cdc/cdc_device.c.obj
                0x10006d64                tud_cdc_n_read
 .text.tud_cdc_n_write_flush
                0x10006d9c       0xb0 CMakeFiles/Ohmimetro.dir/C_/Users/Aulo/.pico-sdk/sdk/2.1.1/lib/tinyusb/src/class/cdc/cdc_device.c.obj
                0x10006d9c                tud_cdc_n_write_flush
 .text.tud_cdc_n_write
                0x10006e4c       0x48 CMakeFiles/Ohmimetro.dir/C_/Users/Aulo/.pico-sdk/sdk/2.1.1/lib/tinyusb/src/class/cdc/cdc_device.c.obj
                0x10006e4c                tud_cdc_n_write
 .text.tud_cdc_n_write_available
                0x10006e94       0x18 CMakeFiles/Ohmimetro.dir/C_/Users/Aulo/.pico-sdk/sdk/2.1.1/lib/tinyusb/src/class/cdc/cdc_device.c.obj
                0x10006e94                tud_cdc_n_write_available
 .text.cdcd_init
                0x10006eac       0xac CMakeFiles/Ohmimetro.dir/C_/Users/Aulo/.pico-sdk/sdk/2.1.1/lib/tinyusb/src/class/cdc/cdc_device.c.obj
                0x10006eac                cdcd_init
 .text.cdcd_deinit
                0x10006f58       0x48 CMakeFiles/Ohmimetro.dir/C_/Users/Aulo/.pico-sdk/sdk/2.1.1/lib/tinyusb/src/class/cdc/cdc_device.c.obj
                0x10006f58                cdcd_deinit
 .text.cdcd_reset
                0x10006fa0       0x70 CMakeFiles/Ohmimetro.dir/C_/Users/Aulo/.pico-sdk/sdk/2.1.1/lib/tinyusb/src/class/cdc/cdc_device.c.obj
                0x10006fa0                cdcd_reset
 .text.cdcd_open
                0x10007010       0xec CMakeFiles/Ohmimetro.dir/C_/Users/Aulo/.pico-sdk/sdk/2.1.1/lib/tinyusb/src/class/cdc/cdc_device.c.obj
                0x10007010                cdcd_open
 .text.cdcd_control_xfer_cb
                0x100070fc      0x13c CMakeFiles/Ohmimetro.dir/C_/Users/Aulo/.pico-sdk/sdk/2.1.1/lib/tinyusb/src/class/cdc/cdc_device.c.obj
                0x100070fc                cdcd_control_xfer_cb
 .text.cdcd_xfer_cb
                0x10007238      0x148 CMakeFiles/Ohmimetro.dir/C_/Users/Aulo/.pico-sdk/sdk/2.1.1/lib/tinyusb/src/class/cdc/cdc_device.c.obj
                0x10007238                cdcd_xfer_cb
 .text.tud_vendor_n_mounted
                0x10007380       0x3c CMakeFiles/Ohmimetro.dir/C_/Users/Aulo/.pico-sdk/sdk/2.1.1/lib/tinyusb/src/class/vendor/vendor_device.c.obj
                0x10007380                tud_vendor_n_mounted
 .text.tud_vendor_n_write_flush
                0x100073bc       0x20 CMakeFiles/Ohmimetro.dir/C_/Users/Aulo/.pico-sdk/sdk/2.1.1/lib/tinyusb/src/class/vendor/vendor_device.c.obj
                0x100073bc                tud_vendor_n_write_flush
 .text.vendord_init
                0x100073dc       0x9c CMakeFiles/Ohmimetro.dir/C_/Users/Aulo/.pico-sdk/sdk/2.1.1/lib/tinyusb/src/class/vendor/vendor_device.c.obj
                0x100073dc                vendord_init
 .text.vendord_deinit
                0x10007478       0x34 CMakeFiles/Ohmimetro.dir/C_/Users/Aulo/.pico-sdk/sdk/2.1.1/lib/tinyusb/src/class/vendor/vendor_device.c.obj
                0x10007478                vendord_deinit
 .text.vendord_reset
                0x100074ac       0x50 CMakeFiles/Ohmimetro.dir/C_/Users/Aulo/.pico-sdk/sdk/2.1.1/lib/tinyusb/src/class/vendor/vendor_device.c.obj
                0x100074ac                vendord_reset
 .text.vendord_open
                0x100074fc      0x14c CMakeFiles/Ohmimetro.dir/C_/Users/Aulo/.pico-sdk/sdk/2.1.1/lib/tinyusb/src/class/vendor/vendor_device.c.obj
                0x100074fc                vendord_open
 .text.vendord_xfer_cb
                0x10007648       0xd8 CMakeFiles/Ohmimetro.dir/C_/Users/Aulo/.pico-sdk/sdk/2.1.1/lib/tinyusb/src/class/vendor/vendor_device.c.obj
                0x10007648                vendord_xfer_cb
 .text.tusb_rhport_init
                0x10007720       0x78 CMakeFiles/Ohmimetro.dir/C_/Users/Aulo/.pico-sdk/sdk/2.1.1/lib/tinyusb/src/tusb.c.obj
                0x10007720                tusb_rhport_init
 .text.tu_edpt_claim
                0x10007798       0x50 CMakeFiles/Ohmimetro.dir/C_/Users/Aulo/.pico-sdk/sdk/2.1.1/lib/tinyusb/src/tusb.c.obj
                0x10007798                tu_edpt_claim
 .text.tu_edpt_release
                0x100077e8       0x38 CMakeFiles/Ohmimetro.dir/C_/Users/Aulo/.pico-sdk/sdk/2.1.1/lib/tinyusb/src/tusb.c.obj
                0x100077e8                tu_edpt_release
 .text.tu_edpt_validate
                0x10007820       0xac CMakeFiles/Ohmimetro.dir/C_/Users/Aulo/.pico-sdk/sdk/2.1.1/lib/tinyusb/src/tusb.c.obj
                0x10007820                tu_edpt_validate
 .text.tu_edpt_bind_driver
                0x100078cc       0x26 CMakeFiles/Ohmimetro.dir/C_/Users/Aulo/.pico-sdk/sdk/2.1.1/lib/tinyusb/src/tusb.c.obj
                0x100078cc                tu_edpt_bind_driver
 .text.tu_edpt_stream_init
                0x100078f2       0x62 CMakeFiles/Ohmimetro.dir/C_/Users/Aulo/.pico-sdk/sdk/2.1.1/lib/tinyusb/src/tusb.c.obj
                0x100078f2                tu_edpt_stream_init
 .text.tu_edpt_stream_deinit
                0x10007954        0x4 CMakeFiles/Ohmimetro.dir/C_/Users/Aulo/.pico-sdk/sdk/2.1.1/lib/tinyusb/src/tusb.c.obj
                0x10007954                tu_edpt_stream_deinit
 .text.tu_edpt_stream_write_zlp_if_needed
                0x10007958       0x80 CMakeFiles/Ohmimetro.dir/C_/Users/Aulo/.pico-sdk/sdk/2.1.1/lib/tinyusb/src/tusb.c.obj
                0x10007958                tu_edpt_stream_write_zlp_if_needed
 .text.tu_edpt_stream_write_xfer
                0x100079d8       0x84 CMakeFiles/Ohmimetro.dir/C_/Users/Aulo/.pico-sdk/sdk/2.1.1/lib/tinyusb/src/tusb.c.obj
                0x100079d8                tu_edpt_stream_write_xfer
 .text.tu_edpt_stream_read_xfer
                0x10007a5c       0xf4 CMakeFiles/Ohmimetro.dir/C_/Users/Aulo/.pico-sdk/sdk/2.1.1/lib/tinyusb/src/tusb.c.obj
                0x10007a5c                tu_edpt_stream_read_xfer
 .text.advance_index
                0x10007b50       0x1a CMakeFiles/Ohmimetro.dir/C_/Users/Aulo/.pico-sdk/sdk/2.1.1/lib/tinyusb/src/common/tusb_fifo.c.obj
 .text._tu_fifo_peek
                0x10007b6a       0x56 CMakeFiles/Ohmimetro.dir/C_/Users/Aulo/.pico-sdk/sdk/2.1.1/lib/tinyusb/src/common/tusb_fifo.c.obj
 .text._ff_pull_n
                0x10007bc0       0x68 CMakeFiles/Ohmimetro.dir/C_/Users/Aulo/.pico-sdk/sdk/2.1.1/lib/tinyusb/src/common/tusb_fifo.c.obj
 .text._tu_fifo_peek_n
                0x10007c28       0x6a CMakeFiles/Ohmimetro.dir/C_/Users/Aulo/.pico-sdk/sdk/2.1.1/lib/tinyusb/src/common/tusb_fifo.c.obj
 .text._tu_fifo_read_n
                0x10007c92       0x4e CMakeFiles/Ohmimetro.dir/C_/Users/Aulo/.pico-sdk/sdk/2.1.1/lib/tinyusb/src/common/tusb_fifo.c.obj
 .text._ff_push_n
                0x10007ce0       0x68 CMakeFiles/Ohmimetro.dir/C_/Users/Aulo/.pico-sdk/sdk/2.1.1/lib/tinyusb/src/common/tusb_fifo.c.obj
 .text._tu_fifo_write_n
                0x10007d48       0xf0 CMakeFiles/Ohmimetro.dir/C_/Users/Aulo/.pico-sdk/sdk/2.1.1/lib/tinyusb/src/common/tusb_fifo.c.obj
 .text.tu_fifo_config
                0x10007e38       0x7c CMakeFiles/Ohmimetro.dir/C_/Users/Aulo/.pico-sdk/sdk/2.1.1/lib/tinyusb/src/common/tusb_fifo.c.obj
                0x10007e38                tu_fifo_config
 .text.tu_fifo_count
                0x10007eb4       0x2c CMakeFiles/Ohmimetro.dir/C_/Users/Aulo/.pico-sdk/sdk/2.1.1/lib/tinyusb/src/common/tusb_fifo.c.obj
                0x10007eb4                tu_fifo_count
 .text.tu_fifo_empty
                0x10007ee0        0xe CMakeFiles/Ohmimetro.dir/C_/Users/Aulo/.pico-sdk/sdk/2.1.1/lib/tinyusb/src/common/tusb_fifo.c.obj
                0x10007ee0                tu_fifo_empty
 .text.tu_fifo_full
                0x10007eee       0x2a CMakeFiles/Ohmimetro.dir/C_/Users/Aulo/.pico-sdk/sdk/2.1.1/lib/tinyusb/src/common/tusb_fifo.c.obj
                0x10007eee                tu_fifo_full
 .text.tu_fifo_remaining
                0x10007f18       0x2e CMakeFiles/Ohmimetro.dir/C_/Users/Aulo/.pico-sdk/sdk/2.1.1/lib/tinyusb/src/common/tusb_fifo.c.obj
                0x10007f18                tu_fifo_remaining
 .text.tu_fifo_read
                0x10007f46       0x42 CMakeFiles/Ohmimetro.dir/C_/Users/Aulo/.pico-sdk/sdk/2.1.1/lib/tinyusb/src/common/tusb_fifo.c.obj
                0x10007f46                tu_fifo_read
 .text.tu_fifo_read_n
                0x10007f88        0xa CMakeFiles/Ohmimetro.dir/C_/Users/Aulo/.pico-sdk/sdk/2.1.1/lib/tinyusb/src/common/tusb_fifo.c.obj
                0x10007f88                tu_fifo_read_n
 .text.tu_fifo_write
                0x10007f92       0x64 CMakeFiles/Ohmimetro.dir/C_/Users/Aulo/.pico-sdk/sdk/2.1.1/lib/tinyusb/src/common/tusb_fifo.c.obj
                0x10007f92                tu_fifo_write
 .text.tu_fifo_write_n
                0x10007ff6        0xa CMakeFiles/Ohmimetro.dir/C_/Users/Aulo/.pico-sdk/sdk/2.1.1/lib/tinyusb/src/common/tusb_fifo.c.obj
                0x10007ff6                tu_fifo_write_n
 .text.tu_fifo_clear
                0x10008000       0x3e CMakeFiles/Ohmimetro.dir/C_/Users/Aulo/.pico-sdk/sdk/2.1.1/lib/tinyusb/src/common/tusb_fifo.c.obj
                0x10008000                tu_fifo_clear
 .text.tu_fifo_set_overwritable
                0x1000803e       0x46 CMakeFiles/Ohmimetro.dir/C_/Users/Aulo/.pico-sdk/sdk/2.1.1/lib/tinyusb/src/common/tusb_fifo.c.obj
                0x1000803e                tu_fifo_set_overwritable
 .text.adc_init
                0x10008084       0x34 CMakeFiles/Ohmimetro.dir/C_/Users/Aulo/.pico-sdk/sdk/2.1.1/src/rp2_common/hardware_adc/adc.c.obj
                0x10008084                adc_init
 .text.i2c_unreset
                0x100080b8       0x2c CMakeFiles/Ohmimetro.dir/C_/Users/Aulo/.pico-sdk/sdk/2.1.1/src/rp2_common/hardware_i2c/i2c.c.obj
 .text.i2c_write_blocking_internal
                0x100080e4      0x158 CMakeFiles/Ohmimetro.dir/C_/Users/Aulo/.pico-sdk/sdk/2.1.1/src/rp2_common/hardware_i2c/i2c.c.obj
 .text.i2c_set_baudrate
                0x1000823c       0xf0 CMakeFiles/Ohmimetro.dir/C_/Users/Aulo/.pico-sdk/sdk/2.1.1/src/rp2_common/hardware_i2c/i2c.c.obj
                0x1000823c                i2c_set_baudrate
 .text.i2c_init
                0x1000832c       0x54 CMakeFiles/Ohmimetro.dir/C_/Users/Aulo/.pico-sdk/sdk/2.1.1/src/rp2_common/hardware_i2c/i2c.c.obj
                0x1000832c                i2c_init
 .text.i2c_write_blocking
                0x10008380       0x18 CMakeFiles/Ohmimetro.dir/C_/Users/Aulo/.pico-sdk/sdk/2.1.1/src/rp2_common/hardware_i2c/i2c.c.obj
                0x10008380                i2c_write_blocking
 .text.pio_get_default_sm_config
                0x10008398       0x28 CMakeFiles/Ohmimetro.dir/C_/Users/Aulo/.pico-sdk/sdk/2.1.1/src/rp2_common/hardware_pio/pio.c.obj
 .text.is_program_gpio_compatible
                0x100083c0        0x4 CMakeFiles/Ohmimetro.dir/C_/Users/Aulo/.pico-sdk/sdk/2.1.1/src/rp2_common/hardware_pio/pio.c.obj
 .text.add_program_at_offset_check
                0x100083c4       0x64 CMakeFiles/Ohmimetro.dir/C_/Users/Aulo/.pico-sdk/sdk/2.1.1/src/rp2_common/hardware_pio/pio.c.obj
 .text.add_program_at_offset
                0x10008428       0x60 CMakeFiles/Ohmimetro.dir/C_/Users/Aulo/.pico-sdk/sdk/2.1.1/src/rp2_common/hardware_pio/pio.c.obj
 .text.find_offset_for_program
                0x10008488       0x7c CMakeFiles/Ohmimetro.dir/C_/Users/Aulo/.pico-sdk/sdk/2.1.1/src/rp2_common/hardware_pio/pio.c.obj
 .text.pio_claim_unused_sm
                0x10008504       0x38 CMakeFiles/Ohmimetro.dir/C_/Users/Aulo/.pico-sdk/sdk/2.1.1/src/rp2_common/hardware_pio/pio.c.obj
                0x10008504                pio_claim_unused_sm
 .text.pio_add_program
                0x1000853c       0x30 CMakeFiles/Ohmimetro.dir/C_/Users/Aulo/.pico-sdk/sdk/2.1.1/src/rp2_common/hardware_pio/pio.c.obj
                0x1000853c                pio_add_program
 .text.pio_sm_set_consecutive_pindirs
                0x1000856c       0xb4 CMakeFiles/Ohmimetro.dir/C_/Users/Aulo/.pico-sdk/sdk/2.1.1/src/rp2_common/hardware_pio/pio.c.obj
                0x1000856c                pio_sm_set_consecutive_pindirs
 .text.pio_sm_init
                0x10008620       0xb4 CMakeFiles/Ohmimetro.dir/C_/Users/Aulo/.pico-sdk/sdk/2.1.1/src/rp2_common/hardware_pio/pio.c.obj
                0x10008620                pio_sm_init
 .text.calloc   0x100086d4       0x18 C:/Users/Aulo/.pico-sdk/toolchain/14_2_Rel1/bin/../lib/gcc/arm-none-eabi/14.2.1/thumb/v6-m/nofp\libg.a(libc_a-calloc.o)
                0x100086d4                calloc
 .text._calloc_r
                0x100086ec       0xa8 C:/Users/Aulo/.pico-sdk/toolchain/14_2_Rel1/bin/../lib/gcc/arm-none-eabi/14.2.1/thumb/v6-m/nofp\libg.a(libc_a-callocr.o)
                0x100086ec                _calloc_r
 .text._malloc_r
                0x10008794      0x5cc C:/Users/Aulo/.pico-sdk/toolchain/14_2_Rel1/bin/../lib/gcc/arm-none-eabi/14.2.1/thumb/v6-m/nofp\libg.a(libc_a-mallocr.o)
                0x10008794                _malloc_r
 .text.__malloc_lock
                0x10008d60       0x10 C:/Users/Aulo/.pico-sdk/toolchain/14_2_Rel1/bin/../lib/gcc/arm-none-eabi/14.2.1/thumb/v6-m/nofp\libg.a(libc_a-mlock.o)
                0x10008d60                __malloc_lock
 .text.__malloc_unlock
                0x10008d70       0x10 C:/Users/Aulo/.pico-sdk/toolchain/14_2_Rel1/bin/../lib/gcc/arm-none-eabi/14.2.1/thumb/v6-m/nofp\libg.a(libc_a-mlock.o)
                0x10008d70                __malloc_unlock
 .text._sbrk_r  0x10008d80       0x24 C:/Users/Aulo/.pico-sdk/toolchain/14_2_Rel1/bin/../lib/gcc/arm-none-eabi/14.2.1/thumb/v6-m/nofp\libg.a(libc_a-sbrkr.o)
                0x10008d80                _sbrk_r
 .text.__errno  0x10008da4        0xc C:/Users/Aulo/.pico-sdk/toolchain/14_2_Rel1/bin/../lib/gcc/arm-none-eabi/14.2.1/thumb/v6-m/nofp\libg.a(libc_a-errno.o)
                0x10008da4                __errno
 .text.__retarget_lock_acquire_recursive
                0x10008db0        0x4 C:/Users/Aulo/.pico-sdk/toolchain/14_2_Rel1/bin/../lib/gcc/arm-none-eabi/14.2.1/thumb/v6-m/nofp\libg.a(libc_a-lock.o)
                0x10008db0                __retarget_lock_acquire_recursive
 .text.__retarget_lock_release_recursive
                0x10008db4        0x4 C:/Users/Aulo/.pico-sdk/toolchain/14_2_Rel1/bin/../lib/gcc/arm-none-eabi/14.2.1/thumb/v6-m/nofp\libg.a(libc_a-lock.o)
                0x10008db4                __retarget_lock_release_recursive
 .text.sysconf  0x10008db8       0x1c C:/Users/Aulo/.pico-sdk/toolchain/14_2_Rel1/bin/../lib/gcc/arm-none-eabi/14.2.1/thumb/v6-m/nofp\libg.a(libc_a-sysconf.o)
                0x10008db8                sysconf
 .text.strcpy   0x10008dd4       0x10 C:/Users/Aulo/.pico-sdk/toolchain/14_2_Rel1/bin/../lib/gcc/arm-none-eabi/14.2.1/thumb/v6-m/nofp\libg.a(libc_a-strcpy.o)
                0x10008dd4                strcpy
 .text.strlen   0x10008de4       0x5c C:/Users/Aulo/.pico-sdk/toolchain/14_2_Rel1/bin/../lib/gcc/arm-none-eabi/14.2.1/thumb/v6-m/nofp\libg.a(libc_a-strlen-stub.o)
                0x10008de4                strlen
 .text._malloc_trim_r
                0x10008e40       0xb4 C:/Users/Aulo/.pico-sdk/toolchain/14_2_Rel1/bin/../lib/gcc/arm-none-eabi/14.2.1/thumb/v6-m/nofp\libg.a(libc_a-freer.o)
                0x10008e40                _malloc_trim_r
 .text._free_r  0x10008ef4      0x1f0 C:/Users/Aulo/.pico-sdk/toolchain/14_2_Rel1/bin/../lib/gcc/arm-none-eabi/14.2.1/thumb/v6-m/nofp\libg.a(libc_a-freer.o)
                0x10008ef4                _free_r
 *(.fini)
 .fini          0x100090e4        0x4 C:/Users/Aulo/.pico-sdk/toolchain/14_2_Rel1/bin/../lib/gcc/arm-none-eabi/14.2.1/thumb/v6-m/nofp/crti.o
                0x100090e4                _fini
 .fini.__stub   0x100090e8       0xd0 linker stubs
 *crtbegin.o(.ctors)
 *crtbegin?.o(.ctors)
 *(EXCLUDE_FILE(*crtend.o *crtend?.o) .ctors)
 *(SORT_BY_NAME(.ctors.*))
 *(.ctors)
 *crtbegin.o(.dtors)
 *crtbegin?.o(.dtors)
 *(EXCLUDE_FILE(*crtend.o *crtend?.o) .dtors)
 *(SORT_BY_NAME(.dtors.*))
 *(.dtors)
                0x100091b8                        . = ALIGN (0x4)
                0x100091b8                        PROVIDE (__preinit_array_start = .)
 *(SORT_BY_NAME(.preinit_array.*))
 .preinit_array.00100
                0x100091b8        0x4 CMakeFiles/Ohmimetro.dir/C_/Users/Aulo/.pico-sdk/sdk/2.1.1/src/rp2_common/pico_runtime_init/runtime_init.c.obj
                0x100091b8                __pre_init_runtime_init_early_resets
 .preinit_array.00101
                0x100091bc        0x4 CMakeFiles/Ohmimetro.dir/C_/Users/Aulo/.pico-sdk/sdk/2.1.1/src/rp2_common/pico_runtime_init/runtime_init.c.obj
                0x100091bc                __pre_init_runtime_init_usb_power_down
 .preinit_array.00275
                0x100091c0        0x4 CMakeFiles/Ohmimetro.dir/C_/Users/Aulo/.pico-sdk/sdk/2.1.1/src/rp2_common/pico_bit_ops/bit_ops_aeabi.S.obj
 .preinit_array.00300
                0x100091c4        0x4 CMakeFiles/Ohmimetro.dir/C_/Users/Aulo/.pico-sdk/sdk/2.1.1/src/rp2_common/pico_mem_ops/mem_ops_aeabi.S.obj
 .preinit_array.00350
                0x100091c8        0x4 CMakeFiles/Ohmimetro.dir/C_/Users/Aulo/.pico-sdk/sdk/2.1.1/src/rp2_common/pico_double/double_aeabi_rp2040.S.obj
 .preinit_array.00350
                0x100091cc        0x4 CMakeFiles/Ohmimetro.dir/C_/Users/Aulo/.pico-sdk/sdk/2.1.1/src/rp2_common/pico_float/float_aeabi_rp2040.S.obj
 .preinit_array.00500
                0x100091d0        0x4 CMakeFiles/Ohmimetro.dir/C_/Users/Aulo/.pico-sdk/sdk/2.1.1/src/rp2_common/pico_runtime_init/runtime_init.c.obj
                0x100091d0                __pre_init_runtime_init_clocks
 .preinit_array.00600
                0x100091d4        0x4 CMakeFiles/Ohmimetro.dir/C_/Users/Aulo/.pico-sdk/sdk/2.1.1/src/rp2_common/pico_runtime_init/runtime_init.c.obj
                0x100091d4                __pre_init_runtime_init_post_clock_resets
 .preinit_array.00700
                0x100091d8        0x4 CMakeFiles/Ohmimetro.dir/C_/Users/Aulo/.pico-sdk/sdk/2.1.1/src/rp2_common/pico_runtime_init/runtime_init.c.obj
                0x100091d8                __pre_init_runtime_init_rp2040_gpio_ie_disable
 .preinit_array.01000
                0x100091dc        0x4 CMakeFiles/Ohmimetro.dir/C_/Users/Aulo/.pico-sdk/sdk/2.1.1/src/rp2_common/pico_runtime_init/runtime_init.c.obj
                0x100091dc                __pre_init_runtime_init_spin_locks_reset
 .preinit_array.01100
                0x100091e0        0x4 CMakeFiles/Ohmimetro.dir/C_/Users/Aulo/.pico-sdk/sdk/2.1.1/src/common/pico_sync/mutex.c.obj
                0x100091e0                __pre_init_runtime_init_mutex
 .preinit_array.10080
                0x100091e4        0x4 CMakeFiles/Ohmimetro.dir/C_/Users/Aulo/.pico-sdk/sdk/2.1.1/src/rp2_common/pico_runtime_init/runtime_init.c.obj
                0x100091e4                __pre_init_runtime_init_install_ram_vector_table
 .preinit_array.11000
                0x100091e8        0x4 CMakeFiles/Ohmimetro.dir/C_/Users/Aulo/.pico-sdk/sdk/2.1.1/src/common/pico_time/time.c.obj
                0x100091e8                __pre_init_runtime_init_default_alarm_pool
 .preinit_array.YYYYY
                0x100091ec        0x4 CMakeFiles/Ohmimetro.dir/C_/Users/Aulo/.pico-sdk/sdk/2.1.1/src/rp2_common/pico_runtime/runtime.c.obj
                0x100091ec                __pre_init_first_per_core_initializer
 .preinit_array.ZZZZZ.01200
                0x100091f0        0x4 CMakeFiles/Ohmimetro.dir/C_/Users/Aulo/.pico-sdk/sdk/2.1.1/src/rp2_common/hardware_irq/irq.c.obj
                0x100091f0                __pre_init_runtime_init_per_core_irq_priorities
 *(.preinit_array)
                0x100091f4                        PROVIDE (__preinit_array_end = .)
                0x100091f4                        . = ALIGN (0x4)
                0x100091f4                        PROVIDE (__init_array_start = .)
 *(SORT_BY_NAME(.init_array.*))
 *(.init_array)
 .init_array    0x100091f4        0x4 C:/Users/Aulo/.pico-sdk/toolchain/14_2_Rel1/bin/../lib/gcc/arm-none-eabi/14.2.1/thumb/v6-m/nofp/crtbegin.o
 .init_array    0x100091f8        0x4 CMakeFiles/Ohmimetro.dir/C_/Users/Aulo/.pico-sdk/sdk/2.1.1/src/rp2_common/pico_unique_id/unique_id.c.obj
                0x100091fc                        PROVIDE (__init_array_end = .)
                0x100091fc                        . = ALIGN (0x4)
                [!provide]                        PROVIDE (__fini_array_start = .)
 *(SORT_BY_NAME(.fini_array.*))
 *(.fini_array)
                [!provide]                        PROVIDE (__fini_array_end = .)
 *(.eh_frame*)
 .eh_frame      0x100091fc        0x0 C:/Users/Aulo/.pico-sdk/toolchain/14_2_Rel1/bin/../lib/gcc/arm-none-eabi/14.2.1/thumb/v6-m/nofp/crtbegin.o
                0x100091fc                        . = ALIGN (0x4)

.glue_7         0x100091fc        0x0
 .glue_7        0x100091fc        0x0 linker stubs

.glue_7t        0x100091fc        0x0
 .glue_7t       0x100091fc        0x0 linker stubs

.vfp11_veneer   0x100091fc        0x0
 .vfp11_veneer  0x100091fc        0x0 linker stubs

.v4_bx          0x100091fc        0x0
 .v4_bx         0x100091fc        0x0 linker stubs

.iplt           0x100091fc        0x0
 .iplt          0x100091fc        0x0 C:/Users/Aulo/.pico-sdk/toolchain/14_2_Rel1/bin/../lib/gcc/arm-none-eabi/14.2.1/thumb/v6-m/nofp/crtbegin.o

.rodata         0x10009200     0x1b50
 *(EXCLUDE_FILE(*libm.a: *libc.a:*lib_a-mem*.o *libgcc.a:) .rodata*)
 .rodata.gpio_irq_handler.str1.4
                0x10009200      0xe98 CMakeFiles/Ohmimetro.dir/Ohmimetro.c.obj
                                 0x29 (size before relaxing)
 .rodata.exibir_resistor_no_display.str1.4
                0x1000a098       0x44 CMakeFiles/Ohmimetro.dir/Ohmimetro.c.obj
 .rodata.str1.4
                0x1000a098       0x53 CMakeFiles/Ohmimetro.dir/Ohmimetro.c.obj
 .rodata.tabela_resistores_e24
                0x1000a098       0x60 CMakeFiles/Ohmimetro.dir/Ohmimetro.c.obj
                0x1000a098                tabela_resistores_e24
 .rodata.RESISTORES
                0x1000a0f8       0x10 CMakeFiles/Ohmimetro.dir/Ohmimetro.c.obj
                0x1000a0f8                RESISTORES
 .rodata.ssd1306_draw_char
                0x1000a108      0x168 CMakeFiles/Ohmimetro.dir/lib/ssd1306.c.obj
 .rodata.font   0x1000a270      0x230 CMakeFiles/Ohmimetro.dir/lib/ssd1306.c.obj
 .rodata.ws2818b_program
                0x1000a4a0        0x8 CMakeFiles/Ohmimetro.dir/lib/matrizRGB.c.obj
 .rodata.ws2818b_program_instructions
                0x1000a4a8        0x8 CMakeFiles/Ohmimetro.dir/lib/matrizRGB.c.obj
 .rodata.gpio_add_raw_irq_handler_with_order_priority_masked.str1.4
                0x1000a4b0       0x72 CMakeFiles/Ohmimetro.dir/C_/Users/Aulo/.pico-sdk/sdk/2.1.1/src/rp2_common/hardware_gpio/gpio.c.obj
 .rodata.gpio_set_irq_enabled.str1.4
                0x1000a4b0       0x2a CMakeFiles/Ohmimetro.dir/C_/Users/Aulo/.pico-sdk/sdk/2.1.1/src/rp2_common/hardware_gpio/gpio.c.obj
 .rodata.__func__.4
                0x1000a4b0       0x15 CMakeFiles/Ohmimetro.dir/C_/Users/Aulo/.pico-sdk/sdk/2.1.1/src/rp2_common/hardware_gpio/gpio.c.obj
 .rodata.rp2040_chip_version.str1.4
                0x1000a4c5       0x7d CMakeFiles/Ohmimetro.dir/C_/Users/Aulo/.pico-sdk/sdk/2.1.1/src/rp2040/pico_platform/platform.c.obj
 *fill*         0x1000a4c5        0x3 
 .rodata.__func__.0
                0x1000a4c8       0x14 CMakeFiles/Ohmimetro.dir/C_/Users/Aulo/.pico-sdk/sdk/2.1.1/src/rp2040/pico_platform/platform.c.obj
 .rodata.panic.str1.4
                0x1000a4dc       0x12 CMakeFiles/Ohmimetro.dir/C_/Users/Aulo/.pico-sdk/sdk/2.1.1/src/rp2_common/pico_platform_panic/panic.c.obj
 .rodata.spin_lock_claim_unused.str1.4